Archive member included because of file (symbol)

/usr/lib/gcc/arm-none-eabi/4.8/../../../arm-none-eabi/lib/armv7e-m/libg.a(lib_a-atoi.o)
                              build/obj/usbterm.o (symbol from plugin) (atoi)
/usr/lib/gcc/arm-none-eabi/4.8/../../../arm-none-eabi/lib/armv7e-m/libg.a(lib_a-strtol.o)
                              /usr/lib/gcc/arm-none-eabi/4.8/../../../arm-none-eabi/lib/armv7e-m/libg.a(lib_a-atoi.o) (_strtol_r)
/usr/lib/gcc/arm-none-eabi/4.8/../../../arm-none-eabi/lib/armv7e-m/libg.a(lib_a-ctype_.o)
                              /usr/lib/gcc/arm-none-eabi/4.8/../../../arm-none-eabi/lib/armv7e-m/libg.a(lib_a-strtol.o) (__ctype_ptr__)
/usr/lib/gcc/arm-none-eabi/4.8/../../../arm-none-eabi/lib/armv7e-m/libg.a(lib_a-impure.o)
                              /usr/lib/gcc/arm-none-eabi/4.8/../../../arm-none-eabi/lib/armv7e-m/libg.a(lib_a-strtol.o) (_impure_ptr)
/usr/lib/gcc/arm-none-eabi/4.8/armv7e-m/libgcc.a(_arm_addsubdf3.o)
                              /tmp/ccUpSHM0.ltrans1.ltrans.o (__aeabi_i2d)
/usr/lib/gcc/arm-none-eabi/4.8/armv7e-m/libgcc.a(_arm_muldivdf3.o)
                              /tmp/ccUpSHM0.ltrans1.ltrans.o (__aeabi_dmul)
/usr/lib/gcc/arm-none-eabi/4.8/armv7e-m/libgcc.a(_arm_fixunsdfsi.o)
                              /tmp/ccUpSHM0.ltrans1.ltrans.o (__aeabi_d2uiz)
/usr/lib/gcc/arm-none-eabi/4.8/armv7e-m/libgcc.a(_arm_truncdfsf2.o)
                              /tmp/ccUpSHM0.ltrans7.ltrans.o (__aeabi_d2f)
/usr/lib/gcc/arm-none-eabi/4.8/armv7e-m/libgcc.a(_arm_addsubsf3.o)
                              /tmp/ccUpSHM0.ltrans1.ltrans.o (__aeabi_fsub)
/usr/lib/gcc/arm-none-eabi/4.8/armv7e-m/libgcc.a(_arm_muldivsf3.o)
                              /tmp/ccUpSHM0.ltrans1.ltrans.o (__aeabi_fmul)
/usr/lib/gcc/arm-none-eabi/4.8/armv7e-m/libgcc.a(_arm_cmpsf2.o)
                              /tmp/ccUpSHM0.ltrans1.ltrans.o (__aeabi_fcmplt)
/usr/lib/gcc/arm-none-eabi/4.8/armv7e-m/libgcc.a(_arm_fixsfsi.o)
                              /tmp/ccUpSHM0.ltrans1.ltrans.o (__aeabi_f2iz)
/usr/lib/gcc/arm-none-eabi/4.8/../../../arm-none-eabi/lib/armv7e-m/libg.a(lib_a-memset.o)
                              /tmp/ccUpSHM0.ltrans5.ltrans.o (memset)
/usr/lib/gcc/arm-none-eabi/4.8/../../../arm-none-eabi/lib/armv7e-m/libg.a(lib_a-strcasecmp.o)
                              /tmp/ccUpSHM0.ltrans2.ltrans.o (strcasecmp)
/usr/lib/gcc/arm-none-eabi/4.8/../../../arm-none-eabi/lib/armv7e-m/libg.a(lib_a-strlen.o)
                              /tmp/ccUpSHM0.ltrans1.ltrans.o (strlen)
/usr/lib/gcc/arm-none-eabi/4.8/../../../arm-none-eabi/lib/armv7e-m/libg.a(lib_a-strpbrk.o)
                              /tmp/ccUpSHM0.ltrans5.ltrans.o (strpbrk)
/usr/lib/gcc/arm-none-eabi/4.8/../../../arm-none-eabi/lib/armv7e-m/libg.a(lib_a-strspn.o)
                              /tmp/ccUpSHM0.ltrans5.ltrans.o (strspn)

Discarded input sections

 .data          0x00000000        0x0 build/obj/crt0_v7m.o
 .bss           0x00000000        0x0 build/obj/crt0_v7m.o
 .data          0x00000000        0x0 build/obj/chcoreasm_v7m.o
 .bss           0x00000000        0x0 build/obj/chcoreasm_v7m.o
 .text          0x00000000        0x0 build/obj/crt1.o (symbol from plugin)
 .text          0x00000000        0x0 /tmp/ccUpSHM0.ltrans0.ltrans.o
 .data          0x00000000        0x0 /tmp/ccUpSHM0.ltrans0.ltrans.o
 .bss           0x00000000        0x0 /tmp/ccUpSHM0.ltrans0.ltrans.o
 .bss.lastReadings2.4748
                0x00000000       0x30 /tmp/ccUpSHM0.ltrans0.ltrans.o
 .text          0x00000000        0x0 /tmp/ccUpSHM0.ltrans1.ltrans.o
 .data          0x00000000        0x0 /tmp/ccUpSHM0.ltrans1.ltrans.o
 .bss           0x00000000        0x0 /tmp/ccUpSHM0.ltrans1.ltrans.o
 .text          0x00000000        0x0 /tmp/ccUpSHM0.ltrans2.ltrans.o
 .data          0x00000000        0x0 /tmp/ccUpSHM0.ltrans2.ltrans.o
 .bss           0x00000000        0x0 /tmp/ccUpSHM0.ltrans2.ltrans.o
 .text          0x00000000        0x0 /tmp/ccUpSHM0.ltrans3.ltrans.o
 .data          0x00000000        0x0 /tmp/ccUpSHM0.ltrans3.ltrans.o
 .bss           0x00000000        0x0 /tmp/ccUpSHM0.ltrans3.ltrans.o
 .text          0x00000000        0x0 /tmp/ccUpSHM0.ltrans4.ltrans.o
 .data          0x00000000        0x0 /tmp/ccUpSHM0.ltrans4.ltrans.o
 .bss           0x00000000        0x0 /tmp/ccUpSHM0.ltrans4.ltrans.o
 .text          0x00000000        0x0 /tmp/ccUpSHM0.ltrans5.ltrans.o
 .data          0x00000000        0x0 /tmp/ccUpSHM0.ltrans5.ltrans.o
 .bss           0x00000000        0x0 /tmp/ccUpSHM0.ltrans5.ltrans.o
 .text.pubH     0x00000000        0xc /tmp/ccUpSHM0.ltrans5.ltrans.o
 .bss.head.4661
                0x00000000        0x4 /tmp/ccUpSHM0.ltrans5.ltrans.o
 .text          0x00000000        0x0 /tmp/ccUpSHM0.ltrans6.ltrans.o
 .data          0x00000000        0x0 /tmp/ccUpSHM0.ltrans6.ltrans.o
 .bss           0x00000000        0x0 /tmp/ccUpSHM0.ltrans6.ltrans.o
 .text          0x00000000        0x0 /tmp/ccUpSHM0.ltrans7.ltrans.o
[...]
Memory Configuration

Name             Origin             Length             Attributes
flash            0x08000000         0x00100000
ram0             0x20000000         0x00020000
ram1             0x20000000         0x0001c000
ram2             0x2001c000         0x00004000
ram3             0x00000000         0x00000000
ram4             0x10000000         0x00010000
ram5             0x40024000         0x00001000
ram6             0x00000000         0x00000000
ram7             0x00000000         0x00000000
*default*        0x00000000         0xffffffff

Linker script and memory map

LOAD build/obj/crt0_v7m.o
LOAD build/obj/chcoreasm_v7m.o
LOAD build/obj/crt1.o
LOAD /tmp/ccUpSHM0.ltrans0.ltrans.o
LOAD /tmp/ccUpSHM0.ltrans1.ltrans.o
LOAD /tmp/ccUpSHM0.ltrans2.ltrans.o
LOAD /tmp/ccUpSHM0.ltrans3.ltrans.o
LOAD /tmp/ccUpSHM0.ltrans4.ltrans.o
LOAD /tmp/ccUpSHM0.ltrans5.ltrans.o
LOAD /tmp/ccUpSHM0.ltrans6.ltrans.o
LOAD /tmp/ccUpSHM0.ltrans7.ltrans.o
LOAD /usr/lib/gcc/arm-none-eabi/4.8/armv7e-m/libgcc.a
LOAD /usr/lib/gcc/arm-none-eabi/4.8/../../../arm-none-eabi/lib/armv7e-m/libg.a
LOAD /usr/lib/gcc/arm-none-eabi/4.8/../../../arm-none-eabi/lib/armv7e-m/libc.a
LOAD build/obj/vectors.o
LOAD build/obj/chsys.o
LOAD build/obj/chdebug.o
LOAD build/obj/chvt.o
LOAD build/obj/chschd.o
LOAD build/obj/chthreads.o
LOAD build/obj/chtm.o
LOAD build/obj/chdynamic.o
LOAD build/obj/chregistry.o
LOAD build/obj/chsem.o
LOAD build/obj/chmtx.o
LOAD build/obj/chcond.o
LOAD build/obj/chevents.o
LOAD build/obj/chmsg.o
LOAD build/obj/chmboxes.o
LOAD build/obj/chqueues.o
LOAD build/obj/chmemcore.o
LOAD build/obj/chheap.o
LOAD build/obj/chmempools.o
LOAD build/obj/chcore.o
LOAD build/obj/chcore_v7m.o
LOAD build/obj/osal.o
LOAD build/obj/hal.o
LOAD build/obj/st.o
LOAD build/obj/hal_queues.o
LOAD build/obj/hal_mmcsd.o
LOAD build/obj/can.o
LOAD build/obj/ext.o
LOAD build/obj/pal.o
LOAD build/obj/pwm.o
LOAD build/obj/serial.o
LOAD build/obj/serial_usb.o
LOAD build/obj/usb.o
LOAD build/obj/nvic.o
LOAD build/obj/stm32_dma.o
LOAD build/obj/hal_lld.o
LOAD build/obj/st_lld.o
LOAD build/obj/ext_lld_isr.o
LOAD build/obj/ext_lld.o
LOAD build/obj/can_lld.o
LOAD build/obj/pal_lld.o
LOAD build/obj/usb_lld.o
LOAD build/obj/pwm_lld.o
LOAD build/obj/serial_lld.o
LOAD build/obj/board.o
LOAD build/obj/test.o
LOAD build/obj/testthd.o
LOAD build/obj/testsem.o
LOAD build/obj/testmtx.o
LOAD build/obj/testmsg.o
LOAD build/obj/testmbox.o
LOAD build/obj/testevt.o
LOAD build/obj/testheap.o
LOAD build/obj/testpools.o
LOAD build/obj/testdyn.o
LOAD build/obj/testqueues.o
LOAD build/obj/testsys.o
LOAD build/obj/testbmk.o
LOAD build/obj/shell.o
LOAD build/obj/syscalls.o
LOAD build/obj/memstreams.o
LOAD build/obj/chprintf.o
LOAD build/obj/usbcfg.o
LOAD build/obj/comterm.o
LOAD build/obj/ds18b20.o
LOAD build/obj/fuzzy.o
LOAD build/obj/studer_can.o
LOAD build/obj/button.o
LOAD build/obj/climate_conf.o
LOAD build/obj/usbterm.o
LOAD build/obj/main.o
                0x20000000                __ram0_start__ = ORIGIN (ram0)
                0x00020000                __ram0_size__ = 0x20000
                0x20020000                __ram0_end__ = (__ram0_start__ + __ram0_size__)
                0x20000000                __ram1_start__ = ORIGIN (ram1)
                0x0001c000                __ram1_size__ = 0x1c000
                0x2001c000                __ram1_end__ = (__ram1_start__ + __ram1_size__)
                0x2001c000                __ram2_start__ = ORIGIN (ram2)
                0x00004000                __ram2_size__ = 0x4000
                0x20020000                __ram2_end__ = (__ram2_start__ + __ram2_size__)
                0x00000000                __ram3_start__ = ORIGIN (ram3)
                0x00000000                __ram3_size__ = 0x0
                0x00000000                __ram3_end__ = (__ram3_start__ + __ram3_size__)
                0x10000000                __ram4_start__ = ORIGIN (ram4)
                0x00010000                __ram4_size__ = 0x10000
                0x10010000                __ram4_end__ = (__ram4_start__ + __ram4_size__)
                0x40024000                __ram5_start__ = ORIGIN (ram5)
                0x00001000                __ram5_size__ = 0x1000
                0x40025000                __ram5_end__ = (__ram5_start__ + __ram5_size__)
                0x00000000                __ram6_start__ = ORIGIN (ram6)
                0x00000000                __ram6_size__ = 0x0
                0x00000000                __ram6_end__ = (__ram6_start__ + __ram6_size__)
                0x00000000                __ram7_start__ = ORIGIN (ram7)
                0x00000000                __ram7_size__ = 0x0
                0x00000000                __ram7_end__ = (__ram7_start__ + __ram7_size__)
                0x00000000                . = 0x0
                0x00000000                _text = .

startup         0x08000000      0x1c0
 *(.vectors)
 .vectors       0x08000000      0x1c0 /tmp/ccUpSHM0.ltrans4.ltrans.o
                0x08000000                _vectors

constructors    0x080001c0        0x0
                0x080001c0                PROVIDE (__init_array_start, .)
 *(SORT(.init_array.*))
 *(.init_array)
                0x080001c0                PROVIDE (__init_array_end, .)

destructors     0x080001c0        0x0
                0x080001c0                PROVIDE (__fini_array_start, .)
 *(.fini_array)
 *(SORT(.fini_array.*))
                0x080001c0                PROVIDE (__fini_array_end, .)

.text           0x080001c0     0x7642
 *(.text)
 .text          0x080001c0       0xc0 build/obj/crt0_v7m.o
                0x080001c0                Reset_Handler
 .text          0x08000280       0x28 build/obj/chcoreasm_v7m.o
                0x08000280                _port_switch
                0x08000290                _port_thread_start
                0x080002a0                _port_switch_from_isr
                0x080002a4                _port_exit_from_isr
 *fill*         0x080002a8        0x8 
 .text          0x080002b0      0x370 /usr/lib/gcc/arm-none-eabi/4.8/armv7e-m/libgcc.a(_arm_addsubdf3.o)
                0x080002b0                __aeabi_drsub
                0x080002b8                __aeabi_dsub
                0x080002b8                __subdf3
                0x080002bc                __adddf3
                0x080002bc                __aeabi_dadd
                0x08000534                __aeabi_ui2d
                0x08000534                __floatunsidf
                0x08000554                __floatsidf
                0x08000554                __aeabi_i2d
                0x08000578                __extendsfdf2
                0x08000578                __aeabi_f2d
                0x080005b4                __aeabi_ul2d
                0x080005b4                __floatundidf
                0x080005c4                __floatdidf
                0x080005c4                __aeabi_l2d
 .text          0x08000620      0x424 /usr/lib/gcc/arm-none-eabi/4.8/armv7e-m/libgcc.a(_arm_muldivdf3.o)
                0x08000620                __aeabi_dmul
                0x08000620                __muldf3
                0x08000874                __aeabi_ddiv
                0x08000874                __divdf3
 *fill*         0x08000a44        0xc 
 .text          0x08000a50       0x40 /usr/lib/gcc/arm-none-eabi/4.8/armv7e-m/libgcc.a(_arm_fixunsdfsi.o)
                0x08000a50                __fixunsdfsi
                0x08000a50                __aeabi_d2uiz
 .text          0x08000a90       0xa0 /usr/lib/gcc/arm-none-eabi/4.8/armv7e-m/libgcc.a(_arm_truncdfsf2.o)
                0x08000a90                __aeabi_d2f
                0x08000a90                __truncdfsf2
 .text          0x08000b30      0x21c /usr/lib/gcc/arm-none-eabi/4.8/armv7e-m/libgcc.a(_arm_addsubsf3.o)
                0x08000b30                __aeabi_frsub
                0x08000b38                __subsf3
                0x08000b38                __aeabi_fsub
                0x08000b3c                __aeabi_fadd
                0x08000b3c                __addsf3
                0x08000c9c                __aeabi_ui2f
                0x08000c9c                __floatunsisf
                0x08000ca4                __aeabi_i2f
                0x08000ca4                __floatsisf
                0x08000cc0                __floatundisf
                0x08000cc0                __aeabi_ul2f
                0x08000cd0                __floatdisf
                0x08000cd0                __aeabi_l2f
 *fill*         0x08000d4c        0x4 
 .text          0x08000d50      0x2a0 /usr/lib/gcc/arm-none-eabi/4.8/armv7e-m/libgcc.a(_arm_muldivsf3.o)
                0x08000d50                __mulsf3
                0x08000d50                __aeabi_fmul
                0x08000eb8                __divsf3
                0x08000eb8                __aeabi_fdiv
 .text          0x08000ff0       0xec /usr/lib/gcc/arm-none-eabi/4.8/armv7e-m/libgcc.a(_arm_cmpsf2.o)
                0x08000ff0                __gtsf2
                0x08000ff0                __gesf2
                0x08000ff8                __lesf2
                0x08000ff8                __ltsf2
                0x08001000                __nesf2
                0x08001000                __eqsf2
                0x08001000                __cmpsf2
                0x08001060                __aeabi_cfrcmple
                0x08001068                __aeabi_cfcmple
                0x08001068                __aeabi_cfcmpeq
                0x08001078                __aeabi_fcmpeq
                0x0800108c                __aeabi_fcmplt
                0x080010a0                __aeabi_fcmple
                0x080010b4                __aeabi_fcmpge
                0x080010c8                __aeabi_fcmpgt
 *fill*         0x080010dc        0x4 
 .text          0x080010e0       0x4c /usr/lib/gcc/arm-none-eabi/4.8/armv7e-m/libgcc.a(_arm_fixsfsi.o)
                0x080010e0                __fixsfsi
                0x080010e0                __aeabi_f2iz
 *(.text.*)
 *fill*         0x0800112c        0x4 
 .text.sduInterruptTransmitted
                0x08001130        0x4 /tmp/ccUpSHM0.ltrans0.ltrans.o
                0x08001130                sduInterruptTransmitted
 *fill*         0x08001134        0xc 
 .text.sduRequestsHook
                0x08001140       0x40 /tmp/ccUpSHM0.ltrans0.ltrans.o
                0x08001140                sduRequestsHook
 .text.SVC_Handler
                0x08001180       0x14 /tmp/ccUpSHM0.ltrans0.ltrans.o
                0x08001180                SVC_Handler
 *fill*         0x08001194        0xc 
 .text.chCoreAlloc
                0x080011a0       0x34 /tmp/ccUpSHM0.ltrans0.ltrans.o
                0x080011a0                chCoreAlloc
 *fill*         0x080011d4        0xc 
 .text.wakeup.4662
                0x080011e0       0x70 /tmp/ccUpSHM0.ltrans0.ltrans.o
                0x080011e0                wakeup.4662
 .text._idle_thread.4273
                0x08001250        0x4 /tmp/ccUpSHM0.ltrans0.ltrans.o
                0x08001250                _idle_thread.4273
 *fill*         0x08001254        0xc 
 .text._pal_lld_setgroupmode
                0x08001260       0xc8 /tmp/ccUpSHM0.ltrans0.ltrans.o
                0x08001260                _pal_lld_setgroupmode
 *fill*         0x08001328        0x8 
 .text._port_irq_epilogue
                0x08001330       0x54 /tmp/ccUpSHM0.ltrans0.ltrans.o
                0x08001330                _port_irq_epilogue
 *fill*         0x08001384        0xc 
 .text.Vector4C
                0x08001390       0x28 /tmp/ccUpSHM0.ltrans0.ltrans.o
                0x08001390                Vector4C
 *fill*         0x080013b8        0x8 
 .text.Vector48
                0x080013c0       0x28 /tmp/ccUpSHM0.ltrans0.ltrans.o
                0x080013c0                Vector48
 *fill*         0x080013e8        0x8 
 .text.Vector170
                0x080013f0       0x28 /tmp/ccUpSHM0.ltrans0.ltrans.o
                0x080013f0                Vector170
 *fill*         0x08001418        0x8 
 .text.Vector138
                0x08001420       0x28 /tmp/ccUpSHM0.ltrans0.ltrans.o
                0x08001420                Vector138
 *fill*         0x08001448        0x8 
 .text.VectorE8
                0x08001450       0x28 /tmp/ccUpSHM0.ltrans0.ltrans.o
                0x08001450                VectorE8
 *fill*         0x08001478        0x8 
 .text.VectorE4
                0x08001480       0x28 /tmp/ccUpSHM0.ltrans0.ltrans.o
                0x08001480                VectorE4
 *fill*         0x080014a8        0x8 
 .text.Vector44
                0x080014b0       0x28 /tmp/ccUpSHM0.ltrans0.ltrans.o
                0x080014b0                Vector44
 *fill*         0x080014d8        0x8 
 .text.VectorE0
                0x080014e0       0x7c /tmp/ccUpSHM0.ltrans0.ltrans.o
                0x080014e0                VectorE0
 *fill*         0x0800155c        0x4 
 .text.Vector9C
                0x08001560       0x6c /tmp/ccUpSHM0.ltrans0.ltrans.o
                0x08001560                Vector9C
 *fill*         0x080015cc        0x4 
 .text.Vector68
                0x080015d0       0x24 /tmp/ccUpSHM0.ltrans0.ltrans.o
                0x080015d0                Vector68
 *fill*         0x080015f4        0xc 
 .text.Vector64
                0x08001600       0x24 /tmp/ccUpSHM0.ltrans0.ltrans.o
                0x08001600                Vector64
 *fill*         0x08001624        0xc 
 .text.Vector60
                0x08001630       0x24 /tmp/ccUpSHM0.ltrans0.ltrans.o
                0x08001630                Vector60
 *fill*         0x08001654        0xc 
 .text.Vector5C
                0x08001660       0x24 /tmp/ccUpSHM0.ltrans0.ltrans.o
                0x08001660                Vector5C
 *fill*         0x08001684        0xc 
 .text.Vector58
                0x08001690       0x24 /tmp/ccUpSHM0.ltrans0.ltrans.o
                0x08001690                Vector58
 *fill*         0x080016b4        0xc 
 .text.chTMStopMeasurementX
                0x080016c0       0x44 /tmp/ccUpSHM0.ltrans0.ltrans.o
                0x080016c0                chTMStopMeasurementX
 *fill*         0x08001704        0xc 
 .text.chSchDoRescheduleAhead
                0x08001710       0x3c /tmp/ccUpSHM0.ltrans0.ltrans.o
                0x08001710                chSchDoRescheduleAhead
 *fill*         0x0800174c        0x4 
 .text.chSchRescheduleS
                0x08001750       0x18 /tmp/ccUpSHM0.ltrans0.ltrans.o
                0x08001750                chSchRescheduleS
 *fill*         0x08001768        0x8 
 .text.chSchGoSleepS
                0x08001770       0x24 /tmp/ccUpSHM0.ltrans0.ltrans.o
                0x08001770                chSchGoSleepS
 *fill*         0x08001794        0xc 
 .text.chSchReadyI
                0x080017a0       0x2c /tmp/ccUpSHM0.ltrans0.ltrans.o
                0x080017a0                chSchReadyI
 *fill*         0x080017cc        0x4 
 .text.chEvtBroadcastFlagsI
                0x080017d0       0x5c /tmp/ccUpSHM0.ltrans0.ltrans.o
                0x080017d0                chEvtBroadcastFlagsI
 *fill*         0x0800182c        0x4 
 .text.can_lld_sce_handler.9430.4444
                0x08001830       0x40 /tmp/ccUpSHM0.ltrans0.ltrans.o
 .text.Vector148
                0x08001870       0x14 /tmp/ccUpSHM0.ltrans0.ltrans.o
                0x08001870                Vector148
 *fill*         0x08001884        0xc 
 .text.Vector98
                0x08001890       0x14 /tmp/ccUpSHM0.ltrans0.ltrans.o
                0x08001890                Vector98
 *fill*         0x080018a4        0xc 
 .text.chMtxUnlock
                0x080018b0       0x64 /tmp/ccUpSHM0.ltrans0.ltrans.o
                0x080018b0                chMtxUnlock
 *fill*         0x08001914        0xc 
 .text.chMtxLockS
                0x08001920       0xc8 /tmp/ccUpSHM0.ltrans0.ltrans.o
                0x08001920                chMtxLockS
 *fill*         0x080019e8        0x8 
 .text.chThdRelease
                0x080019f0       0xec /tmp/ccUpSHM0.ltrans0.ltrans.o
                0x080019f0                chThdRelease
 *fill*         0x08001adc        0x4 
 .text.chSemSignalI
                0x08001ae0       0x20 /tmp/ccUpSHM0.ltrans0.ltrans.o
                0x08001ae0                chSemSignalI
 .text.chThdDequeueAllI
                0x08001b00       0x24 /tmp/ccUpSHM0.ltrans0.ltrans.o
                0x08001b00                chThdDequeueAllI
 *fill*         0x08001b24        0xc 
 .text.usb_lld_pump
                0x08001b30      0x328 /tmp/ccUpSHM0.ltrans0.ltrans.o
                0x08001b30                usb_lld_pump
 *fill*         0x08001e58        0x8 
 .text.can_lld_rx1_handler.9442.4363
                0x08001e60       0x54 /tmp/ccUpSHM0.ltrans0.ltrans.o
 *fill*         0x08001eb4        0xc 
 .text.Vector144
                0x08001ec0       0x14 /tmp/ccUpSHM0.ltrans0.ltrans.o
                0x08001ec0                Vector144
 *fill*         0x08001ed4        0xc 
 .text.Vector94
                0x08001ee0       0x14 /tmp/ccUpSHM0.ltrans0.ltrans.o
                0x08001ee0                Vector94
 *fill*         0x08001ef4        0xc 
 .text.can_lld_rx0_handler.9436.4438
                0x08001f00       0x54 /tmp/ccUpSHM0.ltrans0.ltrans.o
 *fill*         0x08001f54        0xc 
 .text.Vector140
                0x08001f60       0x14 /tmp/ccUpSHM0.ltrans0.ltrans.o
                0x08001f60                Vector140
 *fill*         0x08001f74        0xc 
 .text.Vector90
                0x08001f80       0x14 /tmp/ccUpSHM0.ltrans0.ltrans.o
                0x08001f80                Vector90
 *fill*         0x08001f94        0xc 
 .text.can_lld_tx_handler.9427.4447
                0x08001fa0       0x30 /tmp/ccUpSHM0.ltrans0.ltrans.o
 .text.Vector13C
                0x08001fd0       0x14 /tmp/ccUpSHM0.ltrans0.ltrans.o
                0x08001fd0                Vector13C
 *fill*         0x08001fe4        0xc 
 .text.Vector8C
                0x08001ff0       0x14 /tmp/ccUpSHM0.ltrans0.ltrans.o
                0x08001ff0                Vector8C
 *fill*         0x08002004        0xc 
 .text.chThdExitS
                0x08002010       0x40 /tmp/ccUpSHM0.ltrans0.ltrans.o
                0x08002010                chThdExitS
 .text.chSysPolledDelayX
                0x08002050       0x14 /tmp/ccUpSHM0.ltrans0.ltrans.o
                0x08002050                chSysPolledDelayX
 *fill*         0x08002064        0xc 
 .text._unhandled_exception.4596
                0x08002070        0x4 /tmp/ccUpSHM0.ltrans0.ltrans.o
                0x08002070                DebugMon_Handler
                0x08002070                Vector1A0
                0x08002070                Vector11C
                0x08002070                HardFault_Handler
                0x08002070                Vector1B8
                0x08002070                Vector19C
                0x08002070                SysTick_Handler
                0x08002070                PendSV_Handler
                0x08002070                Vector168
                0x08002070                NMI_Handler
                0x08002070                Vector110
                0x08002070                Vector120
                0x08002070                VectorC8
                0x08002070                VectorA8
                0x08002070                VectorB4
                0x08002070                Vector74
                0x08002070                Vector160
                0x08002070                Vector1B0
                0x08002070                UsageFault_Handler
                0x08002070                VectorEC
                0x08002070                Vector40
                0x08002070                VectorF8
                0x08002070                Vector108
                0x08002070                VectorBC
                0x08002070                Vector190
                0x08002070                Vector150
                0x08002070                Vector124
                0x08002070                Vector188
                0x08002070                Vector198
                0x08002070                Vector118
                0x08002070                VectorCC
                0x08002070                Vector54
                0x08002070                VectorD8
                0x08002070                Vector24
                0x08002070                Vector1AC
                0x08002070                Vector178
                0x08002070                Vector84
                0x08002070                Vector1A4
                0x08002070                VectorD0
                0x08002070                Vector1B4
                0x08002070                VectorC0
                0x08002070                Vector158
                0x08002070                Vector130
                0x08002070                Vector134
                0x08002070                VectorF0
                0x08002070                Vector12C
                0x08002070                Vector100
                0x08002070                VectorF4
                0x08002070                MemManage_Handler
                0x08002070                Vector6C
                0x08002070                VectorA0
                0x08002070                VectorC4
                0x08002070                Vector7C
                0x08002070                Vector180
                0x08002070                Vector114
                0x08002070                Vector164
                0x08002070                Vector1C
                0x08002070                Vector1BC
                0x08002070                Vector17C
                0x08002070                Vector1A8
                0x08002070                Vector16C
                0x08002070                Vector70
                0x08002070                VectorD4
                0x08002070                Vector80
                0x08002070                Vector15C
                0x08002070                Vector78
                0x08002070                Vector88
                0x08002070                Vector104
                0x08002070                Vector184
                0x08002070                Vector10C
                0x08002070                BusFault_Handler
                0x08002070                Vector50
                0x08002070                Vector194
                0x08002070                Vector154
                0x08002070                Vector28
                0x08002070                VectorFC
                0x08002070                Vector34
                0x08002070                Vector128
                0x08002070                Vector20
                0x08002070                Vector18C
                0x08002070                Vector174
 *fill*         0x08002074        0xc 
 .text.buttonInterupt.4223
                0x08002080       0x68 /tmp/ccUpSHM0.ltrans1.ltrans.o
 *fill*         0x080020e8        0x8 
 .text.extcb0.15448
                0x080020f0       0x10 /tmp/ccUpSHM0.ltrans1.ltrans.o
                0x080020f0                extcb0.15448
 .text.extcb1.15444
                0x08002100       0x10 /tmp/ccUpSHM0.ltrans1.ltrans.o
                0x08002100                extcb1.15444
 .text.extcb2.15440
                0x08002110       0x10 /tmp/ccUpSHM0.ltrans1.ltrans.o
                0x08002110                extcb2.15440
 .text.extcb3.15436
                0x08002120       0x10 /tmp/ccUpSHM0.ltrans1.ltrans.o
                0x08002120                extcb3.15436
 .text.CanReadDATA.4386
                0x08002130       0x64 /tmp/ccUpSHM0.ltrans1.ltrans.o
 *fill*         0x08002194        0xc 
 .text.can_rx.14916
                0x080021a0      0x194 /tmp/ccUpSHM0.ltrans1.ltrans.o
                0x080021a0                can_rx.14916
 *fill*         0x08002334        0xc 
 .text.Thread1.16339
                0x08002340       0x64 /tmp/ccUpSHM0.ltrans1.ltrans.o
                0x08002340                Thread1.16339
 *fill*         0x080023a4        0xc 
 .text.cmd_pid.16113
                0x080023b0       0x60 /tmp/ccUpSHM0.ltrans1.ltrans.o
                0x080023b0                cmd_pid.16113
 .text.cmd_pad.16121
                0x08002410       0x78 /tmp/ccUpSHM0.ltrans1.ltrans.o
                0x08002410                cmd_pad.16121
 *fill*         0x08002488        0x8 
 .text.cmd_temp.16129
                0x08002490       0x9c /tmp/ccUpSHM0.ltrans1.ltrans.o
                0x08002490                cmd_temp.16129
 *fill*         0x0800252c        0x4 
 .text.ThCanSend.14919
                0x08002530      0x10c /tmp/ccUpSHM0.ltrans1.ltrans.o
                0x08002530                ThCanSend.14919
 *fill*         0x0800263c        0x4 
 .text.DS18B20_GetTemp.4406
                0x08002640      0x118 /tmp/ccUpSHM0.ltrans1.ltrans.o
 *fill*         0x08002758        0x8 
 .text.Thfuzzy.14568
                0x08002760      0x1a4 /tmp/ccUpSHM0.ltrans1.ltrans.o
                0x08002760                Thfuzzy.14568
 *fill*         0x08002904        0xc 
 .text.txWrite.14252
                0x08002910       0x4c /tmp/ccUpSHM0.ltrans1.ltrans.o
                0x08002910                txWrite.14252
 *fill*         0x0800295c        0x4 
 .text.telnetReconfig.4423
                0x08002960       0x2c /tmp/ccUpSHM0.ltrans1.ltrans.o
 *fill*         0x0800298c        0x4 
 .text.cmd_telreconf.16074
                0x08002990       0x24 /tmp/ccUpSHM0.ltrans1.ltrans.o
                0x08002990                cmd_telreconf.16074
 *fill*         0x080029b4        0xc 
 .text.ext_lld_start
                0x080029c0      0x1ac /tmp/ccUpSHM0.ltrans1.ltrans.o
                0x080029c0                ext_lld_start
 *fill*         0x08002b6c        0x4 
 .text.CanReadInt
                0x08002b70       0x34 /tmp/ccUpSHM0.ltrans1.ltrans.o
                0x08002b70                CanReadInt
 *fill*         0x08002ba4        0xc 
 .text.cmd_read.16084
                0x08002bb0       0xe8 /tmp/ccUpSHM0.ltrans1.ltrans.o
                0x08002bb0                cmd_read.16084
 *fill*         0x08002c98        0x8 
 .text.shell_thread.13239
                0x08002ca0      0x230 /tmp/ccUpSHM0.ltrans2.ltrans.o
                0x08002ca0                shell_thread.13239
 .text.startup.main
                0x08002ed0      0x930 /tmp/ccUpSHM0.ltrans2.ltrans.o
                0x08002ed0                main
 .text.__early_init
                0x08003800       0xc8 /tmp/ccUpSHM0.ltrans2.ltrans.o
                0x08003800                __early_init
 *fill*         0x080038c8        0x8 
 .text.chThdExit
                0x080038d0        0xc /tmp/ccUpSHM0.ltrans2.ltrans.o
                0x080038d0                chThdExit
 *fill*         0x080038dc        0x4 
 .text.chSchDoReschedule
                0x080038e0        0x4 /tmp/ccUpSHM0.ltrans2.ltrans.o
                0x080038e0                chSchDoReschedule
 *fill*         0x080038e4        0xc 
 .text.__default_exit
                0x080038f0        0x4 /tmp/ccUpSHM0.ltrans2.ltrans.o
                0x080038f0                __default_exit
 *fill*         0x080038f4        0xc 
 .text.__late_init
                0x08003900        0x4 /tmp/ccUpSHM0.ltrans2.ltrans.o
                0x08003900                __late_init
 *fill*         0x08003904        0xc 
 .text.__core_init
                0x08003910        0x4 /tmp/ccUpSHM0.ltrans2.ltrans.o
                0x08003910                __core_init
 *fill*         0x08003914        0xc 
 .text.OneWire_ReadBit.4294
                0x08003920       0x60 /tmp/ccUpSHM0.ltrans3.ltrans.o
 .text.VectorB0
                0x08003980       0x9c /tmp/ccUpSHM0.ltrans3.ltrans.o
                0x08003980                VectorB0
 *fill*         0x08003a1c        0x4 
 .text.chVTDoResetI
                0x08003a20       0x70 /tmp/ccUpSHM0.ltrans3.ltrans.o
                0x08003a20                chVTDoResetI
 .text.OneWire_Reset
                0x08003a90       0x60 /tmp/ccUpSHM0.ltrans3.ltrans.o
                0x08003a90                OneWire_Reset
 .text.OneWire_WriteBit
                0x08003af0       0x9c /tmp/ccUpSHM0.ltrans3.ltrans.o
                0x08003af0                OneWire_WriteBit
 *fill*         0x08003b8c        0x4 
 .text.writeRomCode
                0x08003b90       0x84 /tmp/ccUpSHM0.ltrans3.ltrans.o
                0x08003b90                writeRomCode
 *fill*         0x08003c14        0xc 
 .text.OneWire_ReadByte
                0x08003c20       0x28 /tmp/ccUpSHM0.ltrans3.ltrans.o
                0x08003c20                OneWire_ReadByte
 *fill*         0x08003c48        0x8 
 .text.ROM_CodeSearcher
                0x08003c50       0xc4 /tmp/ccUpSHM0.ltrans3.ltrans.o
                0x08003c50                ROM_CodeSearcher
 *fill*         0x08003d14        0xc 
 .text.DS18B20_Init
                0x08003d20       0x3c /tmp/ccUpSHM0.ltrans3.ltrans.o
                0x08003d20                DS18B20_Init
 *fill*         0x08003d5c        0x4 
 .text.chVTDoSetI
                0x08003d60       0x78 /tmp/ccUpSHM0.ltrans3.ltrans.o
                0x08003d60                chVTDoSetI
 *fill*         0x08003dd8        0x8 
 .text.chSchGoSleepTimeoutS
                0x08003de0       0x44 /tmp/ccUpSHM0.ltrans3.ltrans.o
                0x08003de0                chSchGoSleepTimeoutS
 *fill*         0x08003e24        0xc 
 .text.chThdSleep
                0x08003e30       0x18 /tmp/ccUpSHM0.ltrans3.ltrans.o
                0x08003e30                chThdSleep
 *fill*         0x08003e48        0x8 
 .text.chThdEnqueueTimeoutS
                0x08003e50       0x2c /tmp/ccUpSHM0.ltrans3.ltrans.o
                0x08003e50                chThdEnqueueTimeoutS
 *fill*         0x08003e7c        0x4 
 .text.chIQGetTimeout.4065
                0x08003e80       0x50 /tmp/ccUpSHM0.ltrans3.ltrans.o
 .text.gett.8168
                0x08003ed0        0x8 /tmp/ccUpSHM0.ltrans3.ltrans.o
                0x08003ed0                gett.8168
 *fill*         0x08003ed8        0x8 
 .text.get.8172
                0x08003ee0        0xc /tmp/ccUpSHM0.ltrans3.ltrans.o
                0x08003ee0                get.8172
 *fill*         0x08003eec        0x4 
 .text.gett.7907
                0x08003ef0        0x8 /tmp/ccUpSHM0.ltrans3.ltrans.o
                0x08003ef0                gett.7907
 *fill*         0x08003ef8        0x8 
 .text.get.7911
                0x08003f00        0xc /tmp/ccUpSHM0.ltrans3.ltrans.o
                0x08003f00                get.7911
 *fill*         0x08003f0c        0x4 
 .text.chIQReadTimeout
                0x08003f10       0x7c /tmp/ccUpSHM0.ltrans3.ltrans.o
                0x08003f10                chIQReadTimeout
 *fill*         0x08003f8c        0x4 
 .text.readt.8145
                0x08003f90        0x8 /tmp/ccUpSHM0.ltrans3.ltrans.o
                0x08003f90                readt.8145
 *fill*         0x08003f98        0x8 
 .text.read.8152
                0x08003fa0        0xc /tmp/ccUpSHM0.ltrans3.ltrans.o
                0x08003fa0                read.8152
 *fill*         0x08003fac        0x4 
 .text.readt.7884
                0x08003fb0        0x8 /tmp/ccUpSHM0.ltrans3.ltrans.o
                0x08003fb0                readt.7884
 *fill*         0x08003fb8        0x8 
 .text.read.7891
                0x08003fc0        0xc /tmp/ccUpSHM0.ltrans3.ltrans.o
                0x08003fc0                read.7891
 *fill*         0x08003fcc        0x4 
 .text.chOQPutTimeout.4195
                0x08003fd0       0x54 /tmp/ccUpSHM0.ltrans3.ltrans.o
 *fill*         0x08004024        0xc 
 .text.putt.8175
                0x08004030        0x8 /tmp/ccUpSHM0.ltrans3.ltrans.o
                0x08004030                putt.8175
 *fill*         0x08004038        0x8 
 .text.put.8180
                0x08004040        0xc /tmp/ccUpSHM0.ltrans3.ltrans.o
                0x08004040                put.8180
 *fill*         0x0800404c        0x4 
 .text.putt.7914
                0x08004050        0x8 /tmp/ccUpSHM0.ltrans3.ltrans.o
                0x08004050                putt.7914
 *fill*         0x08004058        0x8 
 .text.put.7919
                0x08004060        0xc /tmp/ccUpSHM0.ltrans3.ltrans.o
                0x08004060                put.7919
 *fill*         0x0800406c        0x4 
 .text.chOQWriteTimeout
                0x08004070       0x88 /tmp/ccUpSHM0.ltrans3.ltrans.o
                0x08004070                chOQWriteTimeout
 *fill*         0x080040f8        0x8 
 .text.cmd_wifi.16079
                0x08004100      0x1b8 /tmp/ccUpSHM0.ltrans3.ltrans.o
                0x08004100                cmd_wifi.16079
 *fill*         0x080042b8        0x8 
 .text.writet.8157
                0x080042c0        0x8 /tmp/ccUpSHM0.ltrans3.ltrans.o
                0x080042c0                writet.8157
 *fill*         0x080042c8        0x8 
 .text.write.8163
                0x080042d0        0xc /tmp/ccUpSHM0.ltrans3.ltrans.o
                0x080042d0                write.8163
 *fill*         0x080042dc        0x4 
 .text.writet.7896
                0x080042e0        0x8 /tmp/ccUpSHM0.ltrans3.ltrans.o
                0x080042e0                writet.7896
 *fill*         0x080042e8        0x8 
 .text.write.7902
                0x080042f0        0xc /tmp/ccUpSHM0.ltrans3.ltrans.o
                0x080042f0                write.7902
 *fill*         0x080042fc        0x4 
 .text.CanWriteDATA
                0x08004300       0x50 /tmp/ccUpSHM0.ltrans3.ltrans.o
                0x08004300                CanWriteDATA
 .text.chThdCreateStatic.constprop.48
                0x08004350       0x98 /tmp/ccUpSHM0.ltrans3.ltrans.o
                0x08004350                chThdCreateStatic.constprop.48
 *fill*         0x080043e8        0x8 
 .text.usbTermInit
                0x080043f0       0x18 /tmp/ccUpSHM0.ltrans3.ltrans.o
                0x080043f0                usbTermInit
 *fill*         0x08004408        0x8 
 .text._usb_ep0out.4379
                0x08004410       0x94 /tmp/ccUpSHM0.ltrans4.ltrans.o
 *fill*         0x080044a4        0xc 
 .text.otg_epin_handler.10088.4413
                0x080044b0       0xd8 /tmp/ccUpSHM0.ltrans4.ltrans.o
 *fill*         0x08004588        0x8 
 .text.Vector14C.4393
                0x08004590      0x220 /tmp/ccUpSHM0.ltrans4.ltrans.o
 .text.VectorDC.4447
                0x080047b0      0x1c4 /tmp/ccUpSHM0.ltrans4.ltrans.o
 *fill*         0x08004974        0xc 
 .text.usb_event.14033
                0x08004980       0xa0 /tmp/ccUpSHM0.ltrans4.ltrans.o
                0x08004980                usb_event.14033
 .text._usb_ep0in.4443
                0x08004a20       0xd0 /tmp/ccUpSHM0.ltrans4.ltrans.o
 .text.cmd_mem.16145
                0x08004af0       0x90 /tmp/ccUpSHM0.ltrans4.ltrans.o
                0x08004af0                cmd_mem.16145
 .text._usb_ep0setup.4505
                0x08004b80      0x388 /tmp/ccUpSHM0.ltrans4.ltrans.o
 *fill*         0x08004f08        0x8 
 .text.cmd_tx.16069
                0x08004f10       0x4c /tmp/ccUpSHM0.ltrans4.ltrans.o
                0x08004f10                cmd_tx.16069
 *fill*         0x08004f5c        0x4 
 .text.long_to_string_with_divisor.13654.constprop.4.4267
                0x08004f60       0x4c /tmp/ccUpSHM0.ltrans5.ltrans.o
 *fill*         0x08004fac        0x4 
 .text.chvprintf.4252
                0x08004fb0      0x278 /tmp/ccUpSHM0.ltrans5.ltrans.o
 *fill*         0x08005228        0x8 
 .text.led5off.15419
                0x08005230       0x10 /tmp/ccUpSHM0.ltrans5.ltrans.o
                0x08005230                led5off.15419
 .text.get_descriptor.14024
                0x08005240       0x34 /tmp/ccUpSHM0.ltrans5.ltrans.o
                0x08005240                get_descriptor.14024
 *fill*         0x08005274        0xc 
 .text.notify3.10593
                0x08005280       0x10 /tmp/ccUpSHM0.ltrans5.ltrans.o
                0x08005280                notify3.10593
 .text.VectorB8
                0x08005290       0x64 /tmp/ccUpSHM0.ltrans5.ltrans.o
                0x08005290                VectorB8
 *fill*         0x080052f4        0xc 
 .text.VectorAC
                0x08005300       0x5c /tmp/ccUpSHM0.ltrans5.ltrans.o
                0x08005300                VectorAC
 *fill*         0x0800535c        0x4 
 .text.VectorA4
                0x08005360       0x24 /tmp/ccUpSHM0.ltrans5.ltrans.o
                0x08005360                VectorA4
 *fill*         0x08005384        0xc 
 .text.chSchWakeupS.constprop.49
                0x08005390       0x60 /tmp/ccUpSHM0.ltrans5.ltrans.o
                0x08005390                chSchWakeupS.constprop.49
 .text.chTMStartMeasurementX.constprop.45
                0x080053f0        0xc /tmp/ccUpSHM0.ltrans5.ltrans.o
                0x080053f0                chTMStartMeasurementX.constprop.45
 *fill*         0x080053fc        0x4 
 .text._strtok.13250.constprop.5
                0x08005400       0x40 /tmp/ccUpSHM0.ltrans5.ltrans.o
                0x08005400                _strtok.13250.constprop.5
 .text.chprintf.16065
                0x08005440       0x1c /tmp/ccUpSHM0.ltrans5.ltrans.o
                0x08005440                chprintf.16065
 *fill*         0x0800545c        0x4 
 .text.cmd_threads.16137
                0x08005460       0x98 /tmp/ccUpSHM0.ltrans5.ltrans.o
                0x08005460                cmd_threads.16137
 *fill*         0x080054f8        0x8 
 .text.cmd_dev.16105
                0x08005500       0x5c /tmp/ccUpSHM0.ltrans5.ltrans.o
                0x08005500                cmd_dev.16105
 *fill*         0x0800555c        0x4 
 .text.cmd_test.16089
                0x08005560       0x24 /tmp/ccUpSHM0.ltrans5.ltrans.o
                0x08005560                cmd_test.16089
 *fill*         0x08005584        0xc 
 .text.chprintf.13255
                0x08005590       0x1c /tmp/ccUpSHM0.ltrans5.ltrans.o
                0x08005590                chprintf.13255
 *fill*         0x080055ac        0x4 
 .text.cmd_info.13270
                0x080055b0       0xc0 /tmp/ccUpSHM0.ltrans5.ltrans.o
                0x080055b0                cmd_info.13270
 .text.cmd_systime.13262
                0x08005670       0x30 /tmp/ccUpSHM0.ltrans5.ltrans.o
                0x08005670                cmd_systime.13262
 .text.getAktTemp
                0x080056a0       0x10 /tmp/ccUpSHM0.ltrans5.ltrans.o
                0x080056a0                getAktTemp
 .text.cmd_relay.16097
                0x080056b0       0x84 /tmp/ccUpSHM0.ltrans5.ltrans.o
                0x080056b0                cmd_relay.16097
 *fill*         0x08005734        0xc 
 .text.OneWire_GetBusLine
                0x08005740       0x30 /tmp/ccUpSHM0.ltrans5.ltrans.o
                0x08005740                OneWire_GetBusLine
 .text.OneWire_DataPinOutput
                0x08005770       0x30 /tmp/ccUpSHM0.ltrans5.ltrans.o
                0x08005770                OneWire_DataPinOutput
 .text.OneWire_SetBusLine.part.2.14391
                0x080057a0       0x48 /tmp/ccUpSHM0.ltrans5.ltrans.o
                0x080057a0                OneWire_SetBusLine.part.2.14391
 *fill*         0x080057e8        0x8 
 .text.OneWire_SetBusLine
                0x080057f0       0x5c /tmp/ccUpSHM0.ltrans5.ltrans.o
                0x080057f0                OneWire_SetBusLine
 *fill*         0x0800584c        0x4 
 .text.shellInit
                0x08005850        0xc /tmp/ccUpSHM0.ltrans5.ltrans.o
                0x08005850                shellInit
 *fill*         0x0800585c        0x4 
 .text.pwmEnableChannel
                0x08005860       0x2c /tmp/ccUpSHM0.ltrans5.ltrans.o
                0x08005860                pwmEnableChannel
 *fill*         0x0800588c        0x4 
 .text.usbStartTransmitI
                0x08005890       0x40 /tmp/ccUpSHM0.ltrans5.ltrans.o
                0x08005890                usbStartTransmitI
 .text.usbStartReceiveI
                0x080058d0       0x34 /tmp/ccUpSHM0.ltrans5.ltrans.o
                0x080058d0                usbStartReceiveI
 *fill*         0x08005904        0xc 
 .text.usb_lld_prepare_transmit
                0x08005910       0x4c /tmp/ccUpSHM0.ltrans5.ltrans.o
                0x08005910                usb_lld_prepare_transmit
 *fill*         0x0800595c        0x4 
 .text.usb_lld_prepare_receive
                0x08005960       0x44 /tmp/ccUpSHM0.ltrans5.ltrans.o
                0x08005960                usb_lld_prepare_receive
 *fill*         0x080059a4        0xc 
 .text.inotify.8142
                0x080059b0       0x80 /tmp/ccUpSHM0.ltrans5.ltrans.o
                0x080059b0                inotify.8142
 .text.otg_epout_handler.10080
                0x08005a30       0x90 /tmp/ccUpSHM0.ltrans5.ltrans.o
                0x08005a30                otg_epout_handler.10080
 .text.usbInitEndpointI
                0x08005ac0      0x17c /tmp/ccUpSHM0.ltrans5.ltrans.o
                0x08005ac0                usbInitEndpointI
 *fill*         0x08005c3c        0x4 
 .text.chSemWaitTimeoutS.part.1.5695.constprop.40.4167
                0x08005c40       0x34 /tmp/ccUpSHM0.ltrans6.ltrans.o
 *fill*         0x08005c74        0xc 
 .text.rxListen.14255
                0x08005c80       0x74 /tmp/ccUpSHM0.ltrans6.ltrans.o
                0x08005c80                rxListen.14255
 *fill*         0x08005cf4        0xc 
 .text.ThreadButton.15422
                0x08005d00      0x294 /tmp/ccUpSHM0.ltrans6.ltrans.o
                0x08005d00                ThreadButton.15422
 *fill*         0x08005f94        0xc 
 .text.pubA     0x08005fa0       0x68 /tmp/ccUpSHM0.ltrans6.ltrans.o
                0x08005fa0                pubA
 *fill*         0x08006008        0x8 
 .text.can_lld_start.constprop.24
                0x08006010       0xdc /tmp/ccUpSHM0.ltrans6.ltrans.o
                0x08006010                can_lld_start.constprop.24
 *fill*         0x080060ec        0x4 
 .text.pwm_lld_start
                0x080060f0      0x14c /tmp/ccUpSHM0.ltrans6.ltrans.o
                0x080060f0                pwm_lld_start
 *fill*         0x0800623c        0x4 
 .text.ThCurrentLimiter.14565
                0x08006240      0x1bc /tmp/ccUpSHM0.ltrans7.ltrans.o
                0x08006240                ThCurrentLimiter.14565
 *fill*         0x080063fc        0x4 
 .text.onotify.8139.4381
                0x08006400       0x6c /tmp/ccUpSHM0.ltrans7.ltrans.o
 *fill*         0x0800646c        0x4 
 .text.Threadusbterm.16062
                0x08006470      0x3bc /tmp/ccUpSHM0.ltrans7.ltrans.o
                0x08006470                Threadusbterm.16062
 *fill*         0x0800682c        0x4 
 .text.sduDataTransmitted
                0x08006830       0x8c /tmp/ccUpSHM0.ltrans7.ltrans.o
                0x08006830                sduDataTransmitted
 *fill*         0x080068bc        0x4 
 .text.sduDataReceived
                0x080068c0       0x80 /tmp/ccUpSHM0.ltrans7.ltrans.o
                0x080068c0                sduDataReceived
 .text.memset   0x08006940       0x9c /usr/lib/gcc/arm-none-eabi/4.8/../../../arm-none-eabi/lib/armv7e-m/libg.a(lib_a-memset.o)
                0x08006940                memset
 *fill*         0x080069dc        0x4 
 .text.strcasecmp
                0x080069e0       0x44 /usr/lib/gcc/arm-none-eabi/4.8/../../../arm-none-eabi/lib/armv7e-m/libg.a(lib_a-strcasecmp.o)
                0x080069e0                strcasecmp
 *fill*         0x08006a24        0xc 
 .text.strlen   0x08006a30       0x5c /usr/lib/gcc/arm-none-eabi/4.8/../../../arm-none-eabi/lib/armv7e-m/libg.a(lib_a-strlen.o)
                0x08006a30                strlen
 *fill*         0x08006a8c        0x4 
 .text.strpbrk  0x08006a90       0x48 /usr/lib/gcc/arm-none-eabi/4.8/../../../arm-none-eabi/lib/armv7e-m/libg.a(lib_a-strpbrk.o)
                0x08006a90                strpbrk
 *fill*         0x08006ad8        0x8 
 .text.strspn   0x08006ae0       0x34 /usr/lib/gcc/arm-none-eabi/4.8/../../../arm-none-eabi/lib/armv7e-m/libg.a(lib_a-strspn.o)
                0x08006ae0                strspn
 *fill*         0x08006b14        0xc 
 .text.atoi     0x08006b20        0x8 /usr/lib/gcc/arm-none-eabi/4.8/../../../arm-none-eabi/lib/armv7e-m/libg.a(lib_a-atoi.o)
                0x08006b20                atoi
 *fill*         0x08006b28        0x8 
 .text._strtol_r
                0x08006b30      0x11c /usr/lib/gcc/arm-none-eabi/4.8/../../../arm-none-eabi/lib/armv7e-m/libg.a(lib_a-strtol.o)
                0x08006b30                _strtol_r
 *fill*         0x08006c4c        0x4 
 .text.strtol   0x08006c50       0x18 /usr/lib/gcc/arm-none-eabi/4.8/../../../arm-none-eabi/lib/armv7e-m/libg.a(lib_a-strtol.o)
                0x08006c50                strtol
 *(.rodata)
 *(.rodata.*)
 *fill*         0x08006c68        0x8 
 .rodata.str1.4
                0x08006c70        0xd /tmp/ccUpSHM0.ltrans0.ltrans.o
 *fill*         0x08006c7d        0x3 
 .rodata.str1.4
                0x08006c80      0x100 /tmp/ccUpSHM0.ltrans1.ltrans.o
 .rodata.pwmcfg.15718.5033
                0x08006d80       0x34 /tmp/ccUpSHM0.ltrans2.ltrans.o
 *fill*         0x08006db4        0xc 
 .rodata.fsparams.10178.5078
                0x08006dc0        0xc /tmp/ccUpSHM0.ltrans2.ltrans.o
 *fill*         0x08006dcc        0x4 
 .rodata.serusbcfg
                0x08006dd0        0x8 /tmp/ccUpSHM0.ltrans2.ltrans.o
                0x08006dd0                serusbcfg
 *fill*         0x08006dd8        0x8 
 .rodata.ch_debug
                0x08006de0       0x16 /tmp/ccUpSHM0.ltrans2.ltrans.o
 *fill*         0x08006df6        0xa 
 .rodata.str1.4
                0x08006e00       0xac /tmp/ccUpSHM0.ltrans2.ltrans.o
                                 0xb0 (size before relaxing)
 *fill*         0x08006eac        0x4 
 .rodata.cancfg2.15033.5029
                0x08006eb0        0x8 /tmp/ccUpSHM0.ltrans2.ltrans.o
 *fill*         0x08006eb8        0x8 
 .rodata.vmt.8002.5079
                0x08006ec0       0x20 /tmp/ccUpSHM0.ltrans2.ltrans.o
 .rodata.cancfg.15034.5027
                0x08006ee0        0x8 /tmp/ccUpSHM0.ltrans2.ltrans.o
 *fill*         0x08006ee8        0x8 
 .rodata.pwmcfg2.15716.5035
                0x08006ef0       0x34 /tmp/ccUpSHM0.ltrans2.ltrans.o
 *fill*         0x08006f24        0xc 
 .rodata.extcfg.15536
                0x08006f30       0xb8 /tmp/ccUpSHM0.ltrans2.ltrans.o
                0x08006f30                extcfg.15536
 *fill*         0x08006fe8        0x8 
 .rodata.str1.4
                0x08006ff0       0x16 /tmp/ccUpSHM0.ltrans3.ltrans.o
 *fill*         0x08007006        0xa 
 .rodata.active_status.8884.4780
                0x08007010        0x2 /tmp/ccUpSHM0.ltrans4.ltrans.o
 *fill*         0x08007012        0xe 
 .rodata.ep0config.10179.4766
                0x08007020       0x24 /tmp/ccUpSHM0.ltrans4.ltrans.o
 *fill*         0x08007044        0xc 
 .rodata.str1.4
                0x08007050       0x77 /tmp/ccUpSHM0.ltrans4.ltrans.o
 *fill*         0x080070c7        0x9 
 .rodata.halted_status.8883.4779
                0x080070d0        0x2 /tmp/ccUpSHM0.ltrans4.ltrans.o
 *fill*         0x080070d2        0xe 
 .rodata.ep2config.14046.4775
                0x080070e0       0x24 /tmp/ccUpSHM0.ltrans4.ltrans.o
 *fill*         0x08007104        0xc 
 .rodata.zero_status.8882.4778
                0x08007110        0x2 /tmp/ccUpSHM0.ltrans4.ltrans.o
 *fill*         0x08007112        0xe 
 .rodata.vcom_string2.14052.4665
                0x08007120       0x38 /tmp/ccUpSHM0.ltrans5.ltrans.o
 *fill*         0x08007158        0x8 
 .rodata.vcom_strings.14049.4662
                0x08007160       0x20 /tmp/ccUpSHM0.ltrans5.ltrans.o
 .rodata.vcom_string1.14051.4664
                0x08007180       0x26 /tmp/ccUpSHM0.ltrans5.ltrans.o
 *fill*         0x080071a6        0xa 
 .rodata.states.8439.16257.4658
                0x080071b0       0x40 /tmp/ccUpSHM0.ltrans5.ltrans.o
 .rodata.str1.4
                0x080071f0      0x2fa /tmp/ccUpSHM0.ltrans5.ltrans.o
                                0x316 (size before relaxing)
 *fill*         0x080074ea        0x6 
 .rodata.vcom_string0.14050.4663
                0x080074f0        0x4 /tmp/ccUpSHM0.ltrans5.ltrans.o
 *fill*         0x080074f4        0xc 
 .rodata.vcom_string3.14053.4666
                0x08007500        0x8 /tmp/ccUpSHM0.ltrans5.ltrans.o
 *fill*         0x08007508        0x8 
 .rodata.vcom_configuration_descriptor_data.14057.4670
                0x08007510       0x43 /tmp/ccUpSHM0.ltrans5.ltrans.o
 *fill*         0x08007553        0xd 
 .rodata.vcom_configuration_descriptor.14056.4669
                0x08007560        0x8 /tmp/ccUpSHM0.ltrans5.ltrans.o
 *fill*         0x08007568        0x8 
 .rodata.vcom_device_descriptor.14054.4667
                0x08007570        0x8 /tmp/ccUpSHM0.ltrans5.ltrans.o
 *fill*         0x08007578        0x8 
 .rodata.vcom_device_descriptor_data.14055.4668
                0x08007580       0x12 /tmp/ccUpSHM0.ltrans5.ltrans.o
 *fill*         0x08007592        0xe 
 .rodata.str1.4
                0x080075a0        0x7 /tmp/ccUpSHM0.ltrans6.ltrans.o
 *fill*         0x080075a7        0x9 
 .rodata.commands.16211.4669
                0x080075b0       0x68 /tmp/ccUpSHM0.ltrans7.ltrans.o
 *fill*         0x08007618        0x8 
 .rodata.shell_cfg1.16209.4667
                0x08007620        0x8 /tmp/ccUpSHM0.ltrans7.ltrans.o
 *fill*         0x08007628        0x8 
 .rodata.vmt.8449.4714
                0x08007630       0x20 /tmp/ccUpSHM0.ltrans7.ltrans.o
 .rodata.usbcfg
                0x08007650       0x10 /tmp/ccUpSHM0.ltrans7.ltrans.o
 .rodata.str1.4
                0x08007660       0x58 /tmp/ccUpSHM0.ltrans7.ltrans.o
                                 0x56 (size before relaxing)
 *fill*         0x080076b8        0x8 
 .rodata.ep1config.14043
                0x080076c0       0x24 /tmp/ccUpSHM0.ltrans7.ltrans.o
                0x080076c0                ep1config.14043
 *fill*         0x080076e4        0xc 
 .rodata._ctype_
                0x080076f0      0x101 /usr/lib/gcc/arm-none-eabi/4.8/../../../arm-none-eabi/lib/armv7e-m/libg.a(lib_a-ctype_.o)
                0x080076f0                _ctype_
 *fill*         0x080077f1        0xf 
 .rodata.str1.4
                0x08007800        0x2 /usr/lib/gcc/arm-none-eabi/4.8/../../../arm-none-eabi/lib/armv7e-m/libg.a(lib_a-impure.o)
 *(.glue_7t)
 .glue_7t       0x00000000        0x0 linker stubs
 *(.glue_7)
 .glue_7        0x00000000        0x0 linker stubs
 *(.gcc*)

.vfp11_veneer   0x08007804        0x0
 .vfp11_veneer  0x00000000        0x0 linker stubs

.v4_bx          0x08007804        0x0
 .v4_bx         0x00000000        0x0 linker stubs

.iplt           0x08007804        0x0
 .iplt          0x00000000        0x0 build/obj/crt0_v7m.o

.rel.dyn        0x08007804        0x0
 .rel.iplt      0x00000000        0x0 build/obj/crt0_v7m.o

.ARM.extab
 *(.ARM.extab* .gnu.linkonce.armextab.*)

.ARM.exidx      0x08007802        0x0
                0x08007802                PROVIDE (__exidx_start, .)
 *(.ARM.exidx* .gnu.linkonce.armexidx.*)
                0x08007802                PROVIDE (__exidx_end, .)

.eh_frame_hdr
 *(.eh_frame_hdr)

.eh_frame
 *(.eh_frame)

.textalign      0x08007802        0x6
                0x08007808                . = ALIGN (0x8)
 *fill*         0x08007802        0x6 
                0x08007808                . = ALIGN (0x4)
                0x08007808                _etext = .
                0x08007808                _textdata = _etext

.mstack         0x20000000      0x400
                0x20000000                . = ALIGN (0x8)
                0x20000000                __main_stack_base__ = .
                0x20000400                . = (. + __main_stack_size__)
 *fill*         0x20000000      0x400 
                0x20000400                . = ALIGN (0x8)
                0x20000400                __main_stack_end__ = .

.pstack         0x20000400      0x400
                0x20000400                __process_stack_base__ = .
                0x20000400                __main_thread_stack_base__ = .
                0x20000800                . = (. + __process_stack_size__)
 *fill*         0x20000400      0x400 
                0x20000800                . = ALIGN (0x8)
                0x20000800                __process_stack_end__ = .
                0x20000800                __main_thread_stack_end__ = .

.data           0x20000800      0x4fc load address 0x08007808
                0x20000800                . = ALIGN (0x4)
                0x20000800                PROVIDE (_data, .)
 *(.data)
 *(.data.*)
 .data.linecoding.8442.4741
                0x20000800        0x7 /tmp/ccUpSHM0.ltrans0.ltrans.o
 *fill*         0x20000807        0x1 
 .data.DATA_LENGHT_RW_S
                0x20000808        0x4 /tmp/ccUpSHM0.ltrans1.ltrans.o
                0x20000808                DATA_LENGHT_RW_S
 .data.DEVICE_ID
                0x2000080c        0x4 /tmp/ccUpSHM0.ltrans1.ltrans.o
                0x2000080c                DEVICE_ID
 .data.DEVICE_ID_S
                0x20000810        0x4 /tmp/ccUpSHM0.ltrans1.ltrans.o
                0x20000810                DEVICE_ID_S
 .data.f.4606   0x20000814        0x4 /tmp/ccUpSHM0.ltrans1.ltrans.o
 .data.comATCIPMUX
                0x20000818        0xe /tmp/ccUpSHM0.ltrans1.ltrans.o
                0x20000818                comATCIPMUX
 *fill*         0x20000826        0x2 
 .data.uartCfg.14303.4995
                0x20000828        0xc /tmp/ccUpSHM0.ltrans2.ltrans.o
 .data.local_commands.13313.5080
                0x20000834       0x18 /tmp/ccUpSHM0.ltrans2.ltrans.o
 .data.originCurrent
                0x2000084c        0x4 /tmp/ccUpSHM0.ltrans2.ltrans.o
                0x2000084c                originCurrent
 .data.end.4447
                0x20000850        0x3 /tmp/ccUpSHM0.ltrans3.ltrans.o
 *fill*         0x20000853        0x1 
 .data.comAtCIFSR.4450
                0x20000854        0xb /tmp/ccUpSHM0.ltrans3.ltrans.o
 *fill*         0x2000085f        0x1 
 .data.comATCWMODE.4441
                0x20000860        0xe /tmp/ccUpSHM0.ltrans3.ltrans.o
 *fill*         0x2000086e        0x2 
 .data.comATCIPSERVER.4449
                0x20000870       0x14 /tmp/ccUpSHM0.ltrans3.ltrans.o
 .data.sep.4443
                0x20000884        0x1 /tmp/ccUpSHM0.ltrans3.ltrans.o
 *fill*         0x20000885        0x3 
 .data.password.4446
                0x20000888        0xd /tmp/ccUpSHM0.ltrans3.ltrans.o
 *fill*         0x20000895        0x3 
 .data.comAT.4396
                0x20000898        0x5 /tmp/ccUpSHM0.ltrans3.ltrans.o
 *fill*         0x2000089d        0x3 
 .data.comATCWJAP.4442
                0x200008a0        0xa /tmp/ccUpSHM0.ltrans3.ltrans.o
 *fill*         0x200008aa        0x2 
 .data.SSID.4444
                0x200008ac       0x14 /tmp/ccUpSHM0.ltrans3.ltrans.o
 .data.dot.4445
                0x200008c0        0x2 /tmp/ccUpSHM0.ltrans3.ltrans.o
 .data.BCC_ID   0x200008c2        0x2 /tmp/ccUpSHM0.ltrans6.ltrans.o
 .data.serial   0x200008c4        0x4 /tmp/ccUpSHM0.ltrans7.ltrans.o
                0x200008c4                serial
 .data.__ctype_ptr__
                0x200008c8        0x4 /usr/lib/gcc/arm-none-eabi/4.8/../../../arm-none-eabi/lib/armv7e-m/libg.a(lib_a-ctype_.o)
                0x200008c8                __ctype_ptr__
 *fill*         0x200008cc        0x4 
 .data.impure_data
                0x200008d0      0x428 /usr/lib/gcc/arm-none-eabi/4.8/../../../arm-none-eabi/lib/armv7e-m/libg.a(lib_a-impure.o)
 .data._impure_ptr
                0x20000cf8        0x4 /usr/lib/gcc/arm-none-eabi/4.8/../../../arm-none-eabi/lib/armv7e-m/libg.a(lib_a-impure.o)
                0x20000cf8                _impure_ptr
 *(.ramtext)
                0x20000cfc                . = ALIGN (0x4)
                0x20000cfc                PROVIDE (_edata, .)

.igot.plt       0x20000cfc        0x0 load address 0x08007d04
 .igot.plt      0x00000000        0x0 build/obj/crt0_v7m.o

.bss            0x20000d00     0x19ac load address 0x08007d04
                0x20000d00                . = ALIGN (0x4)
                0x20000d00                PROVIDE (_bss_start, .)
 *(.bss)
 *(.bss.*)
 .bss.SERVICES_ID_S
                0x20000d00        0x4 /tmp/ccUpSHM0.ltrans1.ltrans.o
                0x20000d00                SERVICES_ID_S
 .bss.FanSpeed.4591
                0x20000d04        0x4 /tmp/ccUpSHM0.ltrans1.ltrans.o
 .bss.tp_W      0x20000d08        0x4 /tmp/ccUpSHM0.ltrans1.ltrans.o
 .bss.id_S      0x20000d0c        0x2 /tmp/ccUpSHM0.ltrans1.ltrans.o
                0x20000d0c                id_S
 *fill*         0x20000d0e        0x2 
 .bss.tp_S      0x20000d10        0x4 /tmp/ccUpSHM0.ltrans1.ltrans.o
                0x20000d10                tp_S
 .bss.id        0x20000d14        0x2 /tmp/ccUpSHM0.ltrans1.ltrans.o
                0x20000d14                id
 *fill*         0x20000d16        0x2 
 .bss.SensorPry.4590
                0x20000d18        0xc /tmp/ccUpSHM0.ltrans1.ltrans.o
 .bss.vt4.8358.15538.4607
                0x20000d24       0x14 /tmp/ccUpSHM0.ltrans1.ltrans.o
 .bss.STdata_S  0x20000d38        0x4 /tmp/ccUpSHM0.ltrans1.ltrans.o
                0x20000d38                STdata_S
 .bss.SEN_ID    0x20000d3c        0x1 /tmp/ccUpSHM0.ltrans1.ltrans.o
                0x20000d3c                SEN_ID
 *fill*         0x20000d3d        0x3 
 .bss.temda.4649
                0x20000d40        0x4 /tmp/ccUpSHM0.ltrans1.ltrans.o
 .bss.texmex.4595
                0x20000d44       0x14 /tmp/ccUpSHM0.ltrans1.ltrans.o
 .bss.CAND1     0x20000d58       0x28 /tmp/ccUpSHM0.ltrans2.ltrans.o
                0x20000d58                CAND1
 .bss.CAND2     0x20000d80       0x28 /tmp/ccUpSHM0.ltrans2.ltrans.o
                0x20000d80                CAND2
 .bss.txMailboxArea.4993
                0x20000da8      0x400 /tmp/ccUpSHM0.ltrans2.ltrans.o
 .bss.DELTA     0x200011a8        0xc /tmp/ccUpSHM0.ltrans2.ltrans.o
                0x200011a8                DELTA
 *fill*         0x200011b4        0x4 
 .bss.USBD1     0x200011b8      0x1b0 /tmp/ccUpSHM0.ltrans2.ltrans.o
                0x200011b8                USBD1
 .bss.SD3       0x20001368       0x98 /tmp/ccUpSHM0.ltrans2.ltrans.o
                0x20001368                SD3
 .bss.waThread1.16428.5019
                0x20001400      0x148 /tmp/ccUpSHM0.ltrans2.ltrans.o
 .bss.waThreadButton.15539.5023
                0x20001548      0x148 /tmp/ccUpSHM0.ltrans2.ltrans.o
 .bss.TEMP      0x20001690        0xc /tmp/ccUpSHM0.ltrans2.ltrans.o
                0x20001690                TEMP
 .bss.EXTD1     0x2000169c        0x8 /tmp/ccUpSHM0.ltrans2.ltrans.o
                0x2000169c                EXTD1
 *fill*         0x200016a4        0x4 
 .bss.ch        0x200016a8      0x150 /tmp/ccUpSHM0.ltrans2.ltrans.o
                0x200016a8                ch
 .bss.waThCurrentLimiter.14683.5025
                0x200017f8      0x290 /tmp/ccUpSHM0.ltrans2.ltrans.o
 .bss.serialTalk.14300.5021
                0x20001a88      0x148 /tmp/ccUpSHM0.ltrans2.ltrans.o
 .bss.PWMD1     0x20001bd0       0x1c /tmp/ccUpSHM0.ltrans2.ltrans.o
                0x20001bd0                PWMD1
 .bss.PWMD4     0x20001bec       0x1c /tmp/ccUpSHM0.ltrans2.ltrans.o
                0x20001bec                PWMD4
 .bss.serialMbox
                0x20001c08       0x28 /tmp/ccUpSHM0.ltrans2.ltrans.o
                0x20001c08                serialMbox
 .bss.serialListen.14301.5020
                0x20001c30      0x148 /tmp/ccUpSHM0.ltrans2.ltrans.o
 .bss.nextmem.6924
                0x20001d78        0x4 /tmp/ccUpSHM0.ltrans2.ltrans.o
                0x20001d78                nextmem.6924
 .bss.shell_terminated
                0x20001d7c        0x4 /tmp/ccUpSHM0.ltrans2.ltrans.o
                0x20001d7c                shell_terminated
 .bss.default_heap.7054
                0x20001d80       0x20 /tmp/ccUpSHM0.ltrans2.ltrans.o
                0x20001d80                default_heap.7054
 .bss.can_rx1_wa.15030.5031
                0x20001da0      0x1c8 /tmp/ccUpSHM0.ltrans2.ltrans.o
 .bss.endmem.6926
                0x20001f68        0x4 /tmp/ccUpSHM0.ltrans2.ltrans.o
                0x20001f68                endmem.6926
 *fill*         0x20001f6c        0x4 
 .bss.waThfuzzy.14684.5024
                0x20001f70      0x148 /tmp/ccUpSHM0.ltrans2.ltrans.o
 .bss.waThCanSend.15031.5030
                0x200020b8      0x1c8 /tmp/ccUpSHM0.ltrans2.ltrans.o
 .bss.ROM_ADRESS_2.4485
                0x20002280        0x8 /tmp/ccUpSHM0.ltrans3.ltrans.o
 .bss.waThreadusbterm.16214.4488
                0x20002288      0x148 /tmp/ccUpSHM0.ltrans3.ltrans.o
 .bss.ROM_ADRESS_1.4484
                0x200023d0        0x8 /tmp/ccUpSHM0.ltrans3.ltrans.o
 .bss.ROM_ADRESS_3.4486
                0x200023d8        0x8 /tmp/ccUpSHM0.ltrans3.ltrans.o
 .bss.ep2instate.14047.4776
                0x200023e0       0x14 /tmp/ccUpSHM0.ltrans4.ltrans.o
 .bss.ep0_state.10180.4767
                0x200023f4       0x14 /tmp/ccUpSHM0.ltrans4.ltrans.o
 .bss.ep0setup_buffer.10184.4771
                0x20002408        0x8 /tmp/ccUpSHM0.ltrans4.ltrans.o
 .bss.tp_button
                0x20002410        0x4 /tmp/ccUpSHM0.ltrans6.ltrans.o
                0x20002410                tp_button
 .bss.button_ID
                0x20002414        0x4 /tmp/ccUpSHM0.ltrans6.ltrans.o
                0x20002414                button_ID
 .bss.SDU1      0x20002418      0x258 /tmp/ccUpSHM0.ltrans7.ltrans.o
                0x20002418                SDU1
 .bss.hiteup    0x20002670        0x1 /tmp/ccUpSHM0.ltrans7.ltrans.o
                0x20002670                hiteup
 .bss.quit.4665
                0x20002671        0x1 /tmp/ccUpSHM0.ltrans7.ltrans.o
 *fill*         0x20002672        0x2 
 .bss.ep1instate.14044
                0x20002674       0x14 /tmp/ccUpSHM0.ltrans7.ltrans.o
                0x20002674                ep1instate.14044
 .bss.alert     0x20002688        0x4 /tmp/ccUpSHM0.ltrans7.ltrans.o
                0x20002688                alert
 .bss.currentTemp2
                0x2000268c        0xc /tmp/ccUpSHM0.ltrans7.ltrans.o
                0x2000268c                currentTemp2
 .bss.ep1outstate.14045
                0x20002698       0x14 /tmp/ccUpSHM0.ltrans7.ltrans.o
                0x20002698                ep1outstate.14045
 *(COMMON)
                0x200026ac                . = ALIGN (0x4)
                0x200026ac                PROVIDE (_bss_end, .)
                0x200026ac                PROVIDE (end, .)

.ram0           0x200026ac        0x0 load address 0x08007d04
                0x200026ac                . = ALIGN (0x4)
 *(.ram0)
 *(.ram0.*)
                0x200026ac                . = ALIGN (0x4)
                0x200026ac                __ram0_free__ = .

.ram1           0x20000000        0x0
                0x20000000                . = ALIGN (0x4)
 *(.ram1)
 *(.ram1.*)
                0x20000000                . = ALIGN (0x4)
                0x20000000                __ram1_free__ = .

.ram2           0x2001c000        0x0
                0x2001c000                . = ALIGN (0x4)
 *(.ram2)
 *(.ram2.*)
                0x2001c000                . = ALIGN (0x4)
                0x2001c000                __ram2_free__ = .

.ram3           0x00000000        0x0
                0x00000000                . = ALIGN (0x4)
 *(.ram3)
 *(.ram3.*)
                0x00000000                . = ALIGN (0x4)
                0x00000000                __ram3_free__ = .

.ram4           0x10000000        0x0
                0x10000000                . = ALIGN (0x4)
 *(.ram4)
 *(.ram4.*)
                0x10000000                . = ALIGN (0x4)
                0x10000000                __ram4_free__ = .

.ram5           0x40024000        0x0
                0x40024000                . = ALIGN (0x4)
 *(.ram5)
 *(.ram5.*)
                0x40024000                . = ALIGN (0x4)
                0x40024000                __ram5_free__ = .

.ram6           0x00000000        0x0
                0x00000000                . = ALIGN (0x4)
 *(.ram6)
 *(.ram6.*)
                0x00000000                . = ALIGN (0x4)
                0x00000000                __ram6_free__ = .

.ram7           0x00000000        0x0
                0x00000000                . = ALIGN (0x4)
 *(.ram7)
 *(.ram7.*)
                0x00000000                . = ALIGN (0x4)
                0x00000000                __ram7_free__ = .
                0x200026ac                __heap_base__ = __ram0_free__
                0x20020000                __heap_end__ = __ram0_end__
                0x00000400                __process_stack_size__ = 0x400
                0x00000400                __main_stack_size__ = 0x400
START GROUP
LOAD /usr/lib/gcc/arm-none-eabi/4.8/armv7e-m/libgcc.a
LOAD /usr/lib/gcc/arm-none-eabi/4.8/../../../arm-none-eabi/lib/armv7e-m/libg.a
LOAD /usr/lib/gcc/arm-none-eabi/4.8/../../../arm-none-eabi/lib/armv7e-m/libc.a
END GROUP
OUTPUT(build/climate_master_v031.elf elf32-littlearm)

.ARM.attributes
                0x00000000       0x2f
 .ARM.attributes
                0x00000000       0x21 build/obj/crt0_v7m.o
 .ARM.attributes
                0x00000021       0x21 build/obj/chcoreasm_v7m.o
 .ARM.attributes
                0x00000042       0x31 /tmp/ccUpSHM0.ltrans0.ltrans.o
 .ARM.attributes
                0x00000073       0x31 /tmp/ccUpSHM0.ltrans1.ltrans.o
 .ARM.attributes
                0x000000a4       0x31 /tmp/ccUpSHM0.ltrans2.ltrans.o
 .ARM.attributes
                0x000000d5       0x31 /tmp/ccUpSHM0.ltrans3.ltrans.o
 .ARM.attributes
                0x00000106       0x31 /tmp/ccUpSHM0.ltrans4.ltrans.o
 .ARM.attributes
                0x00000137       0x31 /tmp/ccUpSHM0.ltrans5.ltrans.o
 .ARM.attributes
                0x00000168       0x31 /tmp/ccUpSHM0.ltrans6.ltrans.o
 .ARM.attributes
                0x00000199       0x31 /tmp/ccUpSHM0.ltrans7.ltrans.o
 .ARM.attributes
                0x000001ca       0x1e /usr/lib/gcc/arm-none-eabi/4.8/armv7e-m/libgcc.a(_arm_addsubdf3.o)
 .ARM.attributes
                0x000001e8       0x1e /usr/lib/gcc/arm-none-eabi/4.8/armv7e-m/libgcc.a(_arm_muldivdf3.o)
 .ARM.attributes
                0x00000206       0x1e /usr/lib/gcc/arm-none-eabi/4.8/armv7e-m/libgcc.a(_arm_fixunsdfsi.o)
 .ARM.attributes
                0x00000224       0x1e /usr/lib/gcc/arm-none-eabi/4.8/armv7e-m/libgcc.a(_arm_truncdfsf2.o)
 .ARM.attributes
                0x00000242       0x1e /usr/lib/gcc/arm-none-eabi/4.8/armv7e-m/libgcc.a(_arm_addsubsf3.o)
 .ARM.attributes
                0x00000260       0x1e /usr/lib/gcc/arm-none-eabi/4.8/armv7e-m/libgcc.a(_arm_muldivsf3.o)
 .ARM.attributes
                0x0000027e       0x1e /usr/lib/gcc/arm-none-eabi/4.8/armv7e-m/libgcc.a(_arm_cmpsf2.o)
 .ARM.attributes
                0x0000029c       0x1e /usr/lib/gcc/arm-none-eabi/4.8/armv7e-m/libgcc.a(_arm_fixsfsi.o)
 .ARM.attributes
                0x000002ba       0x2e /usr/lib/gcc/arm-none-eabi/4.8/../../../arm-none-eabi/lib/armv7e-m/libg.a(lib_a-memset.o)
 .ARM.attributes
                0x000002e8       0x2e /usr/lib/gcc/arm-none-eabi/4.8/../../../arm-none-eabi/lib/armv7e-m/libg.a(lib_a-strcasecmp.o)
 .ARM.attributes
                0x00000316       0x2e /usr/lib/gcc/arm-none-eabi/4.8/../../../arm-none-eabi/lib/armv7e-m/libg.a(lib_a-strlen.o)
 .ARM.attributes
                0x00000344       0x2e /usr/lib/gcc/arm-none-eabi/4.8/../../../arm-none-eabi/lib/armv7e-m/libg.a(lib_a-strpbrk.o)
 .ARM.attributes
                0x00000372       0x2e /usr/lib/gcc/arm-none-eabi/4.8/../../../arm-none-eabi/lib/armv7e-m/libg.a(lib_a-strspn.o)
 .ARM.attributes
                0x000003a0       0x2e /usr/lib/gcc/arm-none-eabi/4.8/../../../arm-none-eabi/lib/armv7e-m/libg.a(lib_a-atoi.o)
 .ARM.attributes
                0x000003ce       0x2e /usr/lib/gcc/arm-none-eabi/4.8/../../../arm-none-eabi/lib/armv7e-m/libg.a(lib_a-strtol.o)
 .ARM.attributes
                0x000003fc       0x2e /usr/lib/gcc/arm-none-eabi/4.8/../../../arm-none-eabi/lib/armv7e-m/libg.a(lib_a-ctype_.o)
 .ARM.attributes
                0x0000042a       0x2e /usr/lib/gcc/arm-none-eabi/4.8/../../../arm-none-eabi/lib/armv7e-m/libg.a(lib_a-impure.o)

.comment        0x00000000       0x2d
 .comment       0x00000000       0x2d /tmp/ccUpSHM0.ltrans0.ltrans.o
                                 0x2e (size before relaxing)
 .comment       0x00000000       0x2e /tmp/ccUpSHM0.ltrans1.ltrans.o
 .comment       0x00000000       0x2e /tmp/ccUpSHM0.ltrans2.ltrans.o
 .comment       0x00000000       0x2e /tmp/ccUpSHM0.ltrans3.ltrans.o
 .comment       0x00000000       0x2e /tmp/ccUpSHM0.ltrans4.ltrans.o
 .comment       0x00000000       0x2e /tmp/ccUpSHM0.ltrans5.ltrans.o
 .comment       0x00000000       0x2e /tmp/ccUpSHM0.ltrans6.ltrans.o
 .comment       0x00000000       0x2e /tmp/ccUpSHM0.ltrans7.ltrans.o

.debug_info     0x00000000    0x1dc2d
 .debug_info    0x00000000     0x47f4 /tmp/ccUpSHM0.ltrans0.ltrans.o
 .debug_info    0x000047f4     0x3608 /tmp/ccUpSHM0.ltrans1.ltrans.o
 .debug_info    0x00007dfc     0x4efc /tmp/ccUpSHM0.ltrans2.ltrans.o
 .debug_info    0x0000ccf8     0x39c6 /tmp/ccUpSHM0.ltrans3.ltrans.o
 .debug_info    0x000106be     0x455d /tmp/ccUpSHM0.ltrans4.ltrans.o
 .debug_info    0x00014c1b     0x3a42 /tmp/ccUpSHM0.ltrans5.ltrans.o
 .debug_info    0x0001865d     0x20c4 /tmp/ccUpSHM0.ltrans6.ltrans.o
 .debug_info    0x0001a721     0x2f6c /tmp/ccUpSHM0.ltrans7.ltrans.o
 .debug_info    0x0001d68d       0xb4 /usr/lib/gcc/arm-none-eabi/4.8/armv7e-m/libgcc.a(_arm_addsubdf3.o)
 .debug_info    0x0001d741       0xb4 /usr/lib/gcc/arm-none-eabi/4.8/armv7e-m/libgcc.a(_arm_muldivdf3.o)
 .debug_info    0x0001d7f5       0xb4 /usr/lib/gcc/arm-none-eabi/4.8/armv7e-m/libgcc.a(_arm_fixunsdfsi.o)
 .debug_info    0x0001d8a9       0xb4 /usr/lib/gcc/arm-none-eabi/4.8/armv7e-m/libgcc.a(_arm_truncdfsf2.o)
 .debug_info    0x0001d95d       0xb4 /usr/lib/gcc/arm-none-eabi/4.8/armv7e-m/libgcc.a(_arm_addsubsf3.o)
 .debug_info    0x0001da11       0xb4 /usr/lib/gcc/arm-none-eabi/4.8/armv7e-m/libgcc.a(_arm_muldivsf3.o)
 .debug_info    0x0001dac5       0xb4 /usr/lib/gcc/arm-none-eabi/4.8/armv7e-m/libgcc.a(_arm_cmpsf2.o)
 .debug_info    0x0001db79       0xb4 /usr/lib/gcc/arm-none-eabi/4.8/armv7e-m/libgcc.a(_arm_fixsfsi.o)

.debug_abbrev   0x00000000     0x3232
 .debug_abbrev  0x00000000      0x68e /tmp/ccUpSHM0.ltrans0.ltrans.o
 .debug_abbrev  0x0000068e      0x71a /tmp/ccUpSHM0.ltrans1.ltrans.o
 .debug_abbrev  0x00000da8      0x639 /tmp/ccUpSHM0.ltrans2.ltrans.o
 .debug_abbrev  0x000013e1      0x67b /tmp/ccUpSHM0.ltrans3.ltrans.o
 .debug_abbrev  0x00001a5c      0x5f3 /tmp/ccUpSHM0.ltrans4.ltrans.o
 .debug_abbrev  0x0000204f      0x710 /tmp/ccUpSHM0.ltrans5.ltrans.o
 .debug_abbrev  0x0000275f      0x4bb /tmp/ccUpSHM0.ltrans6.ltrans.o
 .debug_abbrev  0x00002c1a      0x578 /tmp/ccUpSHM0.ltrans7.ltrans.o
 .debug_abbrev  0x00003192       0x14 /usr/lib/gcc/arm-none-eabi/4.8/armv7e-m/libgcc.a(_arm_addsubdf3.o)
 .debug_abbrev  0x000031a6       0x14 /usr/lib/gcc/arm-none-eabi/4.8/armv7e-m/libgcc.a(_arm_muldivdf3.o)
 .debug_abbrev  0x000031ba       0x14 /usr/lib/gcc/arm-none-eabi/4.8/armv7e-m/libgcc.a(_arm_fixunsdfsi.o)
 .debug_abbrev  0x000031ce       0x14 /usr/lib/gcc/arm-none-eabi/4.8/armv7e-m/libgcc.a(_arm_truncdfsf2.o)
 .debug_abbrev  0x000031e2       0x14 /usr/lib/gcc/arm-none-eabi/4.8/armv7e-m/libgcc.a(_arm_addsubsf3.o)
 .debug_abbrev  0x000031f6       0x14 /usr/lib/gcc/arm-none-eabi/4.8/armv7e-m/libgcc.a(_arm_muldivsf3.o)
 .debug_abbrev  0x0000320a       0x14 /usr/lib/gcc/arm-none-eabi/4.8/armv7e-m/libgcc.a(_arm_cmpsf2.o)
 .debug_abbrev  0x0000321e       0x14 /usr/lib/gcc/arm-none-eabi/4.8/armv7e-m/libgcc.a(_arm_fixsfsi.o)

.debug_loc      0x00000000     0x8eab
 .debug_loc     0x00000000     0x17e1 /tmp/ccUpSHM0.ltrans0.ltrans.o
 .debug_loc     0x000017e1     0x16b1 /tmp/ccUpSHM0.ltrans1.ltrans.o
 .debug_loc     0x00002e92      0x581 /tmp/ccUpSHM0.ltrans2.ltrans.o
 .debug_loc     0x00003413     0x1c2f /tmp/ccUpSHM0.ltrans3.ltrans.o
 .debug_loc     0x00005042     0x15a6 /tmp/ccUpSHM0.ltrans4.ltrans.o
 .debug_loc     0x000065e8     0x190b /tmp/ccUpSHM0.ltrans5.ltrans.o
 .debug_loc     0x00007ef3      0x473 /tmp/ccUpSHM0.ltrans6.ltrans.o
 .debug_loc     0x00008366      0xb45 /tmp/ccUpSHM0.ltrans7.ltrans.o

.debug_aranges  0x00000000      0x700
 .debug_aranges
                0x00000000      0x1a0 /tmp/ccUpSHM0.ltrans0.ltrans.o
 .debug_aranges
                0x000001a0       0xb8 /tmp/ccUpSHM0.ltrans1.ltrans.o
 .debug_aranges
                0x00000258       0x58 /tmp/ccUpSHM0.ltrans2.ltrans.o
 .debug_aranges
                0x000002b0      0x140 /tmp/ccUpSHM0.ltrans3.ltrans.o
 .debug_aranges
                0x000003f0       0x60 /tmp/ccUpSHM0.ltrans4.ltrans.o
 .debug_aranges
                0x00000450      0x128 /tmp/ccUpSHM0.ltrans5.ltrans.o
 .debug_aranges
                0x00000578       0x48 /tmp/ccUpSHM0.ltrans6.ltrans.o
 .debug_aranges
                0x000005c0       0x40 /tmp/ccUpSHM0.ltrans7.ltrans.o
 .debug_aranges
                0x00000600       0x20 /usr/lib/gcc/arm-none-eabi/4.8/armv7e-m/libgcc.a(_arm_addsubdf3.o)
 .debug_aranges
                0x00000620       0x20 /usr/lib/gcc/arm-none-eabi/4.8/armv7e-m/libgcc.a(_arm_muldivdf3.o)
 .debug_aranges
                0x00000640       0x20 /usr/lib/gcc/arm-none-eabi/4.8/armv7e-m/libgcc.a(_arm_fixunsdfsi.o)
 .debug_aranges
                0x00000660       0x20 /usr/lib/gcc/arm-none-eabi/4.8/armv7e-m/libgcc.a(_arm_truncdfsf2.o)
 .debug_aranges
                0x00000680       0x20 /usr/lib/gcc/arm-none-eabi/4.8/armv7e-m/libgcc.a(_arm_addsubsf3.o)
 .debug_aranges
                0x000006a0       0x20 /usr/lib/gcc/arm-none-eabi/4.8/armv7e-m/libgcc.a(_arm_muldivsf3.o)
 .debug_aranges
                0x000006c0       0x20 /usr/lib/gcc/arm-none-eabi/4.8/armv7e-m/libgcc.a(_arm_cmpsf2.o)
 .debug_aranges
                0x000006e0       0x20 /usr/lib/gcc/arm-none-eabi/4.8/armv7e-m/libgcc.a(_arm_fixsfsi.o)

.debug_ranges   0x00000000     0x2960
 .debug_ranges  0x00000000      0x578 /tmp/ccUpSHM0.ltrans0.ltrans.o
 .debug_ranges  0x00000578      0x428 /tmp/ccUpSHM0.ltrans1.ltrans.o
 .debug_ranges  0x000009a0      0xb58 /tmp/ccUpSHM0.ltrans2.ltrans.o
 .debug_ranges  0x000014f8      0x3d8 /tmp/ccUpSHM0.ltrans3.ltrans.o
 .debug_ranges  0x000018d0      0x558 /tmp/ccUpSHM0.ltrans4.ltrans.o
 .debug_ranges  0x00001e28      0x360 /tmp/ccUpSHM0.ltrans5.ltrans.o
 .debug_ranges  0x00002188      0x418 /tmp/ccUpSHM0.ltrans6.ltrans.o
 .debug_ranges  0x000025a0      0x3c0 /tmp/ccUpSHM0.ltrans7.ltrans.o

.debug_line     0x00000000     0x632f
 .debug_line    0x00000000      0xf46 /tmp/ccUpSHM0.ltrans0.ltrans.o
 .debug_line    0x00000f46      0xa7d /tmp/ccUpSHM0.ltrans1.ltrans.o
 .debug_line    0x000019c3      0xeb6 /tmp/ccUpSHM0.ltrans2.ltrans.o
 .debug_line    0x00002879      0xb39 /tmp/ccUpSHM0.ltrans3.ltrans.o
 .debug_line    0x000033b2      0xbac /tmp/ccUpSHM0.ltrans4.ltrans.o
 .debug_line    0x00003f5e      0xbd9 /tmp/ccUpSHM0.ltrans5.ltrans.o
 .debug_line    0x00004b37      0x761 /tmp/ccUpSHM0.ltrans6.ltrans.o
 .debug_line    0x00005298      0x8e6 /tmp/ccUpSHM0.ltrans7.ltrans.o
 .debug_line    0x00005b7e      0x17c /usr/lib/gcc/arm-none-eabi/4.8/armv7e-m/libgcc.a(_arm_addsubdf3.o)
 .debug_line    0x00005cfa      0x1a0 /usr/lib/gcc/arm-none-eabi/4.8/armv7e-m/libgcc.a(_arm_muldivdf3.o)
 .debug_line    0x00005e9a       0x79 /usr/lib/gcc/arm-none-eabi/4.8/armv7e-m/libgcc.a(_arm_fixunsdfsi.o)
 .debug_line    0x00005f13       0x91 /usr/lib/gcc/arm-none-eabi/4.8/armv7e-m/libgcc.a(_arm_truncdfsf2.o)
 .debug_line    0x00005fa4      0x11d /usr/lib/gcc/arm-none-eabi/4.8/armv7e-m/libgcc.a(_arm_addsubsf3.o)
 .debug_line    0x000060c1      0x140 /usr/lib/gcc/arm-none-eabi/4.8/armv7e-m/libgcc.a(_arm_muldivsf3.o)
 .debug_line    0x00006201       0xb1 /usr/lib/gcc/arm-none-eabi/4.8/armv7e-m/libgcc.a(_arm_cmpsf2.o)
 .debug_line    0x000062b2       0x7d /usr/lib/gcc/arm-none-eabi/4.8/armv7e-m/libgcc.a(_arm_fixsfsi.o)

.debug_str      0x00000000     0x3d68
 .debug_str     0x00000000     0x14ae /tmp/ccUpSHM0.ltrans0.ltrans.o
                               0x15ab (size before relaxing)
 .debug_str     0x000014ae      0x86b /tmp/ccUpSHM0.ltrans1.ltrans.o
                                0xfb3 (size before relaxing)
 .debug_str     0x00001d19      0xf77 /tmp/ccUpSHM0.ltrans2.ltrans.o
                               0x207e (size before relaxing)
 .debug_str     0x00002c90      0x3de /tmp/ccUpSHM0.ltrans3.ltrans.o
                                0xbea (size before relaxing)
 .debug_str     0x0000306e      0x5ab /tmp/ccUpSHM0.ltrans4.ltrans.o
                               0x13fd (size before relaxing)
 .debug_str     0x00003619      0x417 /tmp/ccUpSHM0.ltrans5.ltrans.o
                               0x152b (size before relaxing)
 .debug_str     0x00003a30      0x14d /tmp/ccUpSHM0.ltrans6.ltrans.o
                                0xaf1 (size before relaxing)
 .debug_str     0x00003b7d      0x1eb /tmp/ccUpSHM0.ltrans7.ltrans.o
                               0x11dc (size before relaxing)

.debug_frame    0x00000000     0x1240
 .debug_frame   0x00000000      0x498 /tmp/ccUpSHM0.ltrans0.ltrans.o
 .debug_frame   0x00000498      0x21c /tmp/ccUpSHM0.ltrans1.ltrans.o
 .debug_frame   0x000006b4       0xb4 /tmp/ccUpSHM0.ltrans2.ltrans.o
 .debug_frame   0x00000768      0x37c /tmp/ccUpSHM0.ltrans3.ltrans.o
 .debug_frame   0x00000ae4      0x128 /tmp/ccUpSHM0.ltrans4.ltrans.o
 .debug_frame   0x00000c0c      0x368 /tmp/ccUpSHM0.ltrans5.ltrans.o
 .debug_frame   0x00000f74       0xb8 /tmp/ccUpSHM0.ltrans6.ltrans.o
 .debug_frame   0x0000102c       0xa8 /tmp/ccUpSHM0.ltrans7.ltrans.o
 .debug_frame   0x000010d4       0x34 /usr/lib/gcc/arm-none-eabi/4.8/../../../arm-none-eabi/lib/armv7e-m/libg.a(lib_a-memset.o)
 .debug_frame   0x00001108       0x2c /usr/lib/gcc/arm-none-eabi/4.8/../../../arm-none-eabi/lib/armv7e-m/libg.a(lib_a-strcasecmp.o)
 .debug_frame   0x00001134       0x20 /usr/lib/gcc/arm-none-eabi/4.8/../../../arm-none-eabi/lib/armv7e-m/libg.a(lib_a-strlen.o)
 .debug_frame   0x00001154       0x34 /usr/lib/gcc/arm-none-eabi/4.8/../../../arm-none-eabi/lib/armv7e-m/libg.a(lib_a-strpbrk.o)
 .debug_frame   0x00001188       0x34 /usr/lib/gcc/arm-none-eabi/4.8/../../../arm-none-eabi/lib/armv7e-m/libg.a(lib_a-strspn.o)
 .debug_frame   0x000011bc       0x30 /usr/lib/gcc/arm-none-eabi/4.8/../../../arm-none-eabi/lib/armv7e-m/libg.a(lib_a-atoi.o)
 .debug_frame   0x000011ec       0x54 /usr/lib/gcc/arm-none-eabi/4.8/../../../arm-none-eabi/lib/armv7e-m/libg.a(lib_a-strtol.o)

Cross Reference Table

Symbol                                            File
AktTemp2                                          build/obj/fuzzy.o (symbol from plugin)
BCC_ID                                            build/obj/button.o (symbol from plugin)
BusFault_Handler                                  /tmp/ccUpSHM0.ltrans0.ltrans.o
                                                  build/obj/vectors.o (symbol from plugin)
                                                  /tmp/ccUpSHM0.ltrans4.ltrans.o
CAND1                                             /tmp/ccUpSHM0.ltrans2.ltrans.o
                                                  build/obj/can_lld.o (symbol from plugin)
                                                  /tmp/ccUpSHM0.ltrans6.ltrans.o
                                                  /tmp/ccUpSHM0.ltrans1.ltrans.o
                                                  /tmp/ccUpSHM0.ltrans0.ltrans.o
                                                  build/obj/studer_can.o (symbol from plugin)
CAND2                                             /tmp/ccUpSHM0.ltrans2.ltrans.o
                                                  build/obj/can_lld.o (symbol from plugin)
                                                  /tmp/ccUpSHM0.ltrans6.ltrans.o
                                                  /tmp/ccUpSHM0.ltrans0.ltrans.o
                                                  build/obj/studer_can.o (symbol from plugin)
CanReadDATA                                       build/obj/studer_can.o (symbol from plugin)
                                                  build/obj/usbterm.o (symbol from plugin)
CanReadInt                                        /tmp/ccUpSHM0.ltrans1.ltrans.o
                                                  build/obj/studer_can.o (symbol from plugin)
                                                  /tmp/ccUpSHM0.ltrans7.ltrans.o
                                                  /tmp/ccUpSHM0.ltrans2.ltrans.o
                                                  build/obj/usbterm.o (symbol from plugin)
                                                  build/obj/fuzzy.o (symbol from plugin)
CanWriteDATA                                      /tmp/ccUpSHM0.ltrans3.ltrans.o
                                                  build/obj/studer_can.o (symbol from plugin)
                                                  /tmp/ccUpSHM0.ltrans7.ltrans.o
                                                  /tmp/ccUpSHM0.ltrans6.ltrans.o
                                                  /tmp/ccUpSHM0.ltrans1.ltrans.o
                                                  build/obj/usbterm.o (symbol from plugin)
                                                  build/obj/button.o (symbol from plugin)
                                                  build/obj/fuzzy.o (symbol from plugin)
DATA_LENGHT_RW_S                                  /tmp/ccUpSHM0.ltrans1.ltrans.o
                                                  build/obj/studer_can.o (symbol from plugin)
                                                  /tmp/ccUpSHM0.ltrans3.ltrans.o
DELTA                                             /tmp/ccUpSHM0.ltrans2.ltrans.o
                                                  build/obj/fuzzy.o (symbol from plugin)
                                                  /tmp/ccUpSHM0.ltrans1.ltrans.o
DEVICE_ID                                         /tmp/ccUpSHM0.ltrans1.ltrans.o
                                                  build/obj/usbterm.o (symbol from plugin)
                                                  /tmp/ccUpSHM0.ltrans5.ltrans.o
DEVICE_ID_IN_BCC                                  build/obj/button.o (symbol from plugin)
DEVICE_ID_S                                       /tmp/ccUpSHM0.ltrans1.ltrans.o
                                                  build/obj/studer_can.o (symbol from plugin)
                                                  /tmp/ccUpSHM0.ltrans3.ltrans.o
DS18B20_GetTemp                                   build/obj/ds18b20.o (symbol from plugin)
                                                  build/obj/fuzzy.o (symbol from plugin)
DS18B20_Init                                      /tmp/ccUpSHM0.ltrans3.ltrans.o
                                                  build/obj/ds18b20.o (symbol from plugin)
                                                  /tmp/ccUpSHM0.ltrans2.ltrans.o
                                                  build/obj/main.o (symbol from plugin)
DS18B20_ScanBus                                   build/obj/fuzzy.o (symbol from plugin)
DebugMon_Handler                                  /tmp/ccUpSHM0.ltrans0.ltrans.o
                                                  build/obj/vectors.o (symbol from plugin)
                                                  /tmp/ccUpSHM0.ltrans4.ltrans.o
EXTD1                                             /tmp/ccUpSHM0.ltrans2.ltrans.o
                                                  build/obj/ext_lld.o (symbol from plugin)
                                                  /tmp/ccUpSHM0.ltrans6.ltrans.o
                                                  /tmp/ccUpSHM0.ltrans0.ltrans.o
                                                  build/obj/button.o (symbol from plugin)
                                                  build/obj/ext_lld_isr.o (symbol from plugin)
FAN_DRIVE                                         build/obj/fuzzy.o (symbol from plugin)
FAN_FULL                                          build/obj/fuzzy.o (symbol from plugin)
FAN_OFF                                           build/obj/fuzzy.o (symbol from plugin)
FAN_PER                                           build/obj/fuzzy.o (symbol from plugin)
FAN_SOFT_START                                    build/obj/fuzzy.o (symbol from plugin)
FCMCCV                                            build/obj/button.o (symbol from plugin)
FanSpeed                                          build/obj/fuzzy.o (symbol from plugin)
HardFault_Handler                                 /tmp/ccUpSHM0.ltrans0.ltrans.o
                                                  build/obj/vectors.o (symbol from plugin)
                                                  /tmp/ccUpSHM0.ltrans4.ltrans.o
IEEE745toFloat                                    build/obj/studer_can.o (symbol from plugin)
MemManage_Handler                                 /tmp/ccUpSHM0.ltrans0.ltrans.o
                                                  build/obj/vectors.o (symbol from plugin)
                                                  /tmp/ccUpSHM0.ltrans4.ltrans.o
NMI_Handler                                       /tmp/ccUpSHM0.ltrans0.ltrans.o
                                                  build/obj/vectors.o (symbol from plugin)
                                                  /tmp/ccUpSHM0.ltrans4.ltrans.o
OPMCCV                                            build/obj/button.o (symbol from plugin)
OffState                                          build/obj/fuzzy.o (symbol from plugin)
OneWire_DataPinInput                              build/obj/ds18b20.o (symbol from plugin)
OneWire_DataPinOutput                             /tmp/ccUpSHM0.ltrans5.ltrans.o
                                                  build/obj/ds18b20.o (symbol from plugin)
                                                  /tmp/ccUpSHM0.ltrans3.ltrans.o
OneWire_GetBusLine                                /tmp/ccUpSHM0.ltrans5.ltrans.o
                                                  build/obj/ds18b20.o (symbol from plugin)
                                                  /tmp/ccUpSHM0.ltrans3.ltrans.o
OneWire_ReadBit                                   build/obj/ds18b20.o (symbol from plugin)
OneWire_ReadByte                                  /tmp/ccUpSHM0.ltrans3.ltrans.o
                                                  build/obj/ds18b20.o (symbol from plugin)
                                                  /tmp/ccUpSHM0.ltrans1.ltrans.o
OneWire_Reset                                     /tmp/ccUpSHM0.ltrans3.ltrans.o
                                                  build/obj/ds18b20.o (symbol from plugin)
                                                  /tmp/ccUpSHM0.ltrans1.ltrans.o
OneWire_SetBusLine                                /tmp/ccUpSHM0.ltrans5.ltrans.o
                                                  build/obj/ds18b20.o (symbol from plugin)
                                                  /tmp/ccUpSHM0.ltrans3.ltrans.o
                                                  /tmp/ccUpSHM0.ltrans1.ltrans.o
OneWire_SetBusLine.part.2.14391                   /tmp/ccUpSHM0.ltrans5.ltrans.o
                                                  /tmp/ccUpSHM0.ltrans3.ltrans.o
                                                  /tmp/ccUpSHM0.ltrans1.ltrans.o
OneWire_WriteBit                                  /tmp/ccUpSHM0.ltrans3.ltrans.o
                                                  build/obj/ds18b20.o (symbol from plugin)
                                                  /tmp/ccUpSHM0.ltrans1.ltrans.o
OneWire_WriteByte                                 build/obj/ds18b20.o (symbol from plugin)
PWMD1                                             /tmp/ccUpSHM0.ltrans2.ltrans.o
                                                  build/obj/pwm_lld.o (symbol from plugin)
                                                  /tmp/ccUpSHM0.ltrans6.ltrans.o
                                                  /tmp/ccUpSHM0.ltrans5.ltrans.o
                                                  /tmp/ccUpSHM0.ltrans1.ltrans.o
                                                  build/obj/main.o (symbol from plugin)
                                                  build/obj/climate_conf.o (symbol from plugin)
PWMD4                                             /tmp/ccUpSHM0.ltrans2.ltrans.o
                                                  build/obj/pwm_lld.o (symbol from plugin)
                                                  /tmp/ccUpSHM0.ltrans6.ltrans.o
                                                  /tmp/ccUpSHM0.ltrans5.ltrans.o
                                                  /tmp/ccUpSHM0.ltrans1.ltrans.o
                                                  build/obj/main.o (symbol from plugin)
                                                  build/obj/climate_conf.o (symbol from plugin)
                                                  build/obj/button.o (symbol from plugin)
                                                  build/obj/fuzzy.o (symbol from plugin)
PendSV_Handler                                    /tmp/ccUpSHM0.ltrans0.ltrans.o
                                                  build/obj/vectors.o (symbol from plugin)
                                                  /tmp/ccUpSHM0.ltrans4.ltrans.o
ROM_ADRESS_1                                      build/obj/ds18b20.o (symbol from plugin)
ROM_ADRESS_2                                      build/obj/ds18b20.o (symbol from plugin)
ROM_ADRESS_3                                      build/obj/ds18b20.o (symbol from plugin)
ROM_CodeSearcher                                  /tmp/ccUpSHM0.ltrans3.ltrans.o
                                                  build/obj/ds18b20.o (symbol from plugin)
                                                  /tmp/ccUpSHM0.ltrans1.ltrans.o
Reset_Handler                                     build/obj/crt0_v7m.o
                                                  /tmp/ccUpSHM0.ltrans4.ltrans.o
SBMCCV                                            build/obj/button.o (symbol from plugin)
SD3                                               /tmp/ccUpSHM0.ltrans2.ltrans.o
                                                  build/obj/serial_lld.o (symbol from plugin)
                                                  /tmp/ccUpSHM0.ltrans6.ltrans.o
                                                  /tmp/ccUpSHM0.ltrans4.ltrans.o
                                                  /tmp/ccUpSHM0.ltrans3.ltrans.o
                                                  /tmp/ccUpSHM0.ltrans1.ltrans.o
                                                  build/obj/comterm.o (symbol from plugin)
SDU1                                              /tmp/ccUpSHM0.ltrans7.ltrans.o
                                                  build/obj/usbterm.o (symbol from plugin)
                                                  /tmp/ccUpSHM0.ltrans4.ltrans.o
                                                  build/obj/usbcfg.o (symbol from plugin)
SDU3                                              build/obj/studer_can.o (symbol from plugin)
SEN_ID                                            /tmp/ccUpSHM0.ltrans1.ltrans.o
                                                  build/obj/ds18b20.o (symbol from plugin)
                                                  /tmp/ccUpSHM0.ltrans3.ltrans.o
SERVICES_ID_S                                     /tmp/ccUpSHM0.ltrans1.ltrans.o
                                                  build/obj/studer_can.o (symbol from plugin)
                                                  /tmp/ccUpSHM0.ltrans3.ltrans.o
SSID                                              build/obj/comterm.o (symbol from plugin)
STdata_S                                          /tmp/ccUpSHM0.ltrans1.ltrans.o
                                                  build/obj/studer_can.o (symbol from plugin)
                                                  /tmp/ccUpSHM0.ltrans3.ltrans.o
SVC_Handler                                       /tmp/ccUpSHM0.ltrans0.ltrans.o
                                                  build/obj/chcore_v7m.o (symbol from plugin)
                                                  build/obj/vectors.o (symbol from plugin)
                                                  /tmp/ccUpSHM0.ltrans4.ltrans.o
SensorPry                                         build/obj/fuzzy.o (symbol from plugin)
StartEXT                                          build/obj/button.o (symbol from plugin)
StartLimitSpeed                                   build/obj/fuzzy.o (symbol from plugin)
StartPWM                                          build/obj/fuzzy.o (symbol from plugin)
SysTick_Handler                                   /tmp/ccUpSHM0.ltrans0.ltrans.o
                                                  build/obj/vectors.o (symbol from plugin)
                                                  /tmp/ccUpSHM0.ltrans4.ltrans.o
SystemCoreClock                                   build/obj/hal_lld.o (symbol from plugin)
TEMP                                              /tmp/ccUpSHM0.ltrans2.ltrans.o
                                                  build/obj/fuzzy.o (symbol from plugin)
                                                  /tmp/ccUpSHM0.ltrans7.ltrans.o
                                                  /tmp/ccUpSHM0.ltrans1.ltrans.o
TPMCCV                                            build/obj/button.o (symbol from plugin)
TestThread                                        build/obj/test.o (symbol from plugin)
ThCanSend.14919                                   /tmp/ccUpSHM0.ltrans1.ltrans.o
                                                  /tmp/ccUpSHM0.ltrans2.ltrans.o
ThCurrentLimiter.14565                            /tmp/ccUpSHM0.ltrans7.ltrans.o
                                                  /tmp/ccUpSHM0.ltrans2.ltrans.o
Thfuzzy.14568                                     /tmp/ccUpSHM0.ltrans1.ltrans.o
                                                  /tmp/ccUpSHM0.ltrans2.ltrans.o
Thread1.16339                                     /tmp/ccUpSHM0.ltrans1.ltrans.o
                                                  /tmp/ccUpSHM0.ltrans2.ltrans.o
ThreadButton.15422                                /tmp/ccUpSHM0.ltrans6.ltrans.o
                                                  /tmp/ccUpSHM0.ltrans2.ltrans.o
Threadusbterm.16062                               /tmp/ccUpSHM0.ltrans7.ltrans.o
                                                  /tmp/ccUpSHM0.ltrans3.ltrans.o
USBD1                                             /tmp/ccUpSHM0.ltrans2.ltrans.o
                                                  build/obj/usb_lld.o (symbol from plugin)
                                                  /tmp/ccUpSHM0.ltrans7.ltrans.o
                                                  /tmp/ccUpSHM0.ltrans4.ltrans.o
                                                  build/obj/usbcfg.o (symbol from plugin)
UsageFault_Handler                                /tmp/ccUpSHM0.ltrans0.ltrans.o
                                                  build/obj/vectors.o (symbol from plugin)
                                                  /tmp/ccUpSHM0.ltrans4.ltrans.o